<?xml version="1.0"?>
<link_info>
   <banner>MSP430 Linker PC v4.2.1</banner>
   <copyright>Copyright (c) 2003-2013 Texas Instruments Incorporated</copyright>
   <link_time>0x532917c5</link_time>
   <link_errors>0x0</link_errors>
   <output_file>boozerator_primary_controller.out</output_file>
   <entry_point>
      <name>_c_int00</name>
      <address>0x45a2</address>
   </entry_point>
   <input_file_list>
      <input_file id="fl-2">
         <path>.\</path>
         <kind>object</kind>
         <file>tshell.obj</file>
         <name>tshell.obj</name>
      </input_file>
      <input_file id="fl-3">
         <path>.\</path>
         <kind>object</kind>
         <file>main.obj</file>
         <name>main.obj</name>
      </input_file>
      <input_file id="fl-4">
         <path>.\</path>
         <kind>object</kind>
         <file>ishan.obj</file>
         <name>ishan.obj</name>
      </input_file>
      <input_file id="fl-5">
         <path>.\</path>
         <kind>object</kind>
         <file>fifo.obj</file>
         <name>fifo.obj</name>
      </input_file>
      <input_file id="fl-6">
         <path>.\</path>
         <kind>object</kind>
         <file>ds18x20.obj</file>
         <name>ds18x20.obj</name>
      </input_file>
      <input_file id="fl-7">
         <path>.\</path>
         <kind>object</kind>
         <file>boozerator_primary_controller.obj</file>
         <name>boozerator_primary_controller.obj</name>
      </input_file>
      <input_file id="fl-27">
         <path>C:\ti\ccsv5\tools\compiler\msp430_4.2.1\lib\</path>
         <kind>archive</kind>
         <file>rts430x_lc_sd_eabi.lib</file>
         <name>addd.obj</name>
      </input_file>
      <input_file id="fl-28">
         <path>C:\ti\ccsv5\tools\compiler\msp430_4.2.1\lib\</path>
         <kind>archive</kind>
         <file>rts430x_lc_sd_eabi.lib</file>
         <name>boot.obj</name>
      </input_file>
      <input_file id="fl-29">
         <path>C:\ti\ccsv5\tools\compiler\msp430_4.2.1\lib\</path>
         <kind>archive</kind>
         <file>rts430x_lc_sd_eabi.lib</file>
         <name>copy_decompress_none.obj</name>
      </input_file>
      <input_file id="fl-2a">
         <path>C:\ti\ccsv5\tools\compiler\msp430_4.2.1\lib\</path>
         <kind>archive</kind>
         <file>rts430x_lc_sd_eabi.lib</file>
         <name>copy_decompress_rle.obj</name>
      </input_file>
      <input_file id="fl-2b">
         <path>C:\ti\ccsv5\tools\compiler\msp430_4.2.1\lib\</path>
         <kind>archive</kind>
         <file>rts430x_lc_sd_eabi.lib</file>
         <name>copy_zero_init.obj</name>
      </input_file>
      <input_file id="fl-2c">
         <path>C:\ti\ccsv5\tools\compiler\msp430_4.2.1\lib\</path>
         <kind>archive</kind>
         <file>rts430x_lc_sd_eabi.lib</file>
         <name>cpy_util.obj</name>
      </input_file>
      <input_file id="fl-2d">
         <path>C:\ti\ccsv5\tools\compiler\msp430_4.2.1\lib\</path>
         <kind>archive</kind>
         <file>rts430x_lc_sd_eabi.lib</file>
         <name>cvtdf.obj</name>
      </input_file>
      <input_file id="fl-2e">
         <path>C:\ti\ccsv5\tools\compiler\msp430_4.2.1\lib\</path>
         <kind>archive</kind>
         <file>rts430x_lc_sd_eabi.lib</file>
         <name>div32u.obj</name>
      </input_file>
      <input_file id="fl-2f">
         <path>C:\ti\ccsv5\tools\compiler\msp430_4.2.1\lib\</path>
         <kind>archive</kind>
         <file>rts430x_lc_sd_eabi.lib</file>
         <name>exit.obj</name>
      </input_file>
      <input_file id="fl-30">
         <path>C:\ti\ccsv5\tools\compiler\msp430_4.2.1\lib\</path>
         <kind>archive</kind>
         <file>rts430x_lc_sd_eabi.lib</file>
         <name>fltid.obj</name>
      </input_file>
      <input_file id="fl-31">
         <path>C:\ti\ccsv5\tools\compiler\msp430_4.2.1\lib\</path>
         <kind>archive</kind>
         <file>rts430x_lc_sd_eabi.lib</file>
         <name>fltlid.obj</name>
      </input_file>
      <input_file id="fl-32">
         <path>C:\ti\ccsv5\tools\compiler\msp430_4.2.1\lib\</path>
         <kind>archive</kind>
         <file>rts430x_lc_sd_eabi.lib</file>
         <name>frcaddd.obj</name>
      </input_file>
      <input_file id="fl-33">
         <path>C:\ti\ccsv5\tools\compiler\msp430_4.2.1\lib\</path>
         <kind>archive</kind>
         <file>rts430x_lc_sd_eabi.lib</file>
         <name>fs_cmp.obj</name>
      </input_file>
      <input_file id="fl-34">
         <path>C:\ti\ccsv5\tools\compiler\msp430_4.2.1\lib\</path>
         <kind>archive</kind>
         <file>rts430x_lc_sd_eabi.lib</file>
         <name>int41.obj</name>
      </input_file>
      <input_file id="fl-35">
         <path>C:\ti\ccsv5\tools\compiler\msp430_4.2.1\lib\</path>
         <kind>archive</kind>
         <file>rts430x_lc_sd_eabi.lib</file>
         <name>int42.obj</name>
      </input_file>
      <input_file id="fl-36">
         <path>C:\ti\ccsv5\tools\compiler\msp430_4.2.1\lib\</path>
         <kind>archive</kind>
         <file>rts430x_lc_sd_eabi.lib</file>
         <name>int43.obj</name>
      </input_file>
      <input_file id="fl-37">
         <path>C:\ti\ccsv5\tools\compiler\msp430_4.2.1\lib\</path>
         <kind>archive</kind>
         <file>rts430x_lc_sd_eabi.lib</file>
         <name>int44.obj</name>
      </input_file>
      <input_file id="fl-38">
         <path>C:\ti\ccsv5\tools\compiler\msp430_4.2.1\lib\</path>
         <kind>archive</kind>
         <file>rts430x_lc_sd_eabi.lib</file>
         <name>int45.obj</name>
      </input_file>
      <input_file id="fl-39">
         <path>C:\ti\ccsv5\tools\compiler\msp430_4.2.1\lib\</path>
         <kind>archive</kind>
         <file>rts430x_lc_sd_eabi.lib</file>
         <name>int47.obj</name>
      </input_file>
      <input_file id="fl-3a">
         <path>C:\ti\ccsv5\tools\compiler\msp430_4.2.1\lib\</path>
         <kind>archive</kind>
         <file>rts430x_lc_sd_eabi.lib</file>
         <name>int48.obj</name>
      </input_file>
      <input_file id="fl-3b">
         <path>C:\ti\ccsv5\tools\compiler\msp430_4.2.1\lib\</path>
         <kind>archive</kind>
         <file>rts430x_lc_sd_eabi.lib</file>
         <name>int50.obj</name>
      </input_file>
      <input_file id="fl-3c">
         <path>C:\ti\ccsv5\tools\compiler\msp430_4.2.1\lib\</path>
         <kind>archive</kind>
         <file>rts430x_lc_sd_eabi.lib</file>
         <name>int51.obj</name>
      </input_file>
      <input_file id="fl-3d">
         <path>C:\ti\ccsv5\tools\compiler\msp430_4.2.1\lib\</path>
         <kind>archive</kind>
         <file>rts430x_lc_sd_eabi.lib</file>
         <name>int52.obj</name>
      </input_file>
      <input_file id="fl-3e">
         <path>C:\ti\ccsv5\tools\compiler\msp430_4.2.1\lib\</path>
         <kind>archive</kind>
         <file>rts430x_lc_sd_eabi.lib</file>
         <name>int53.obj</name>
      </input_file>
      <input_file id="fl-3f">
         <path>C:\ti\ccsv5\tools\compiler\msp430_4.2.1\lib\</path>
         <kind>archive</kind>
         <file>rts430x_lc_sd_eabi.lib</file>
         <name>int54.obj</name>
      </input_file>
      <input_file id="fl-40">
         <path>C:\ti\ccsv5\tools\compiler\msp430_4.2.1\lib\</path>
         <kind>archive</kind>
         <file>rts430x_lc_sd_eabi.lib</file>
         <name>int55.obj</name>
      </input_file>
      <input_file id="fl-41">
         <path>C:\ti\ccsv5\tools\compiler\msp430_4.2.1\lib\</path>
         <kind>archive</kind>
         <file>rts430x_lc_sd_eabi.lib</file>
         <name>int57.obj</name>
      </input_file>
      <input_file id="fl-42">
         <path>C:\ti\ccsv5\tools\compiler\msp430_4.2.1\lib\</path>
         <kind>archive</kind>
         <file>rts430x_lc_sd_eabi.lib</file>
         <name>int58.obj</name>
      </input_file>
      <input_file id="fl-43">
         <path>C:\ti\ccsv5\tools\compiler\msp430_4.2.1\lib\</path>
         <kind>archive</kind>
         <file>rts430x_lc_sd_eabi.lib</file>
         <name>int59.obj</name>
      </input_file>
      <input_file id="fl-44">
         <path>C:\ti\ccsv5\tools\compiler\msp430_4.2.1\lib\</path>
         <kind>archive</kind>
         <file>rts430x_lc_sd_eabi.lib</file>
         <name>int60.obj</name>
      </input_file>
      <input_file id="fl-45">
         <path>C:\ti\ccsv5\tools\compiler\msp430_4.2.1\lib\</path>
         <kind>archive</kind>
         <file>rts430x_lc_sd_eabi.lib</file>
         <name>int61.obj</name>
      </input_file>
      <input_file id="fl-46">
         <path>C:\ti\ccsv5\tools\compiler\msp430_4.2.1\lib\</path>
         <kind>archive</kind>
         <file>rts430x_lc_sd_eabi.lib</file>
         <name>int62.obj</name>
      </input_file>
      <input_file id="fl-47">
         <path>C:\ti\ccsv5\tools\compiler\msp430_4.2.1\lib\</path>
         <kind>archive</kind>
         <file>rts430x_lc_sd_eabi.lib</file>
         <name>isr_trap.obj</name>
      </input_file>
      <input_file id="fl-48">
         <path>C:\ti\ccsv5\tools\compiler\msp430_4.2.1\lib\</path>
         <kind>archive</kind>
         <file>rts430x_lc_sd_eabi.lib</file>
         <name>lsl32.obj</name>
      </input_file>
      <input_file id="fl-49">
         <path>C:\ti\ccsv5\tools\compiler\msp430_4.2.1\lib\</path>
         <kind>archive</kind>
         <file>rts430x_lc_sd_eabi.lib</file>
         <name>lsr32.obj</name>
      </input_file>
      <input_file id="fl-4a">
         <path>C:\ti\ccsv5\tools\compiler\msp430_4.2.1\lib\</path>
         <kind>archive</kind>
         <file>rts430x_lc_sd_eabi.lib</file>
         <name>mpyd.obj</name>
      </input_file>
      <input_file id="fl-4b">
         <path>C:\ti\ccsv5\tools\compiler\msp430_4.2.1\lib\</path>
         <kind>archive</kind>
         <file>rts430x_lc_sd_eabi.lib</file>
         <name>pre_init.obj</name>
      </input_file>
      <input_file id="fl-4c">
         <path>C:\ti\ccsv5\tools\compiler\msp430_4.2.1\lib\</path>
         <kind>archive</kind>
         <file>rts430x_lc_sd_eabi.lib</file>
         <name>renormd.obj</name>
      </input_file>
      <input_file id="fl-4d">
         <path>C:\ti\ccsv5\tools\compiler\msp430_4.2.1\lib\</path>
         <kind>archive</kind>
         <file>rts430x_lc_sd_eabi.lib</file>
         <name>strcmp.obj</name>
      </input_file>
      <input_file id="fl-4e">
         <path>C:\ti\ccsv5\tools\compiler\msp430_4.2.1\lib\</path>
         <kind>archive</kind>
         <file>rts430x_lc_sd_eabi.lib</file>
         <name>strlen.obj</name>
      </input_file>
      <input_file id="fl-4f">
         <path>C:\ti\ccsv5\tools\compiler\msp430_4.2.1\lib\</path>
         <kind>archive</kind>
         <file>rts430x_lc_sd_eabi.lib</file>
         <name>strtok.obj</name>
      </input_file>
      <input_file id="fl-50">
         <path>C:\ti\ccsv5\tools\compiler\msp430_4.2.1\lib\</path>
         <kind>archive</kind>
         <file>rts430x_lc_sd_eabi.lib</file>
         <name>_lock.obj</name>
      </input_file>
      <input_file id="fl-51">
         <path>C:\ti\ccsv5\tools\compiler\msp430_4.2.1\lib\</path>
         <kind>archive</kind>
         <file>rts430x_lc_sd_eabi.lib</file>
         <name>args_main.obj</name>
      </input_file>
      <input_file id="fl-52">
         <path>C:\ti\ccsv5\tools\compiler\msp430_4.2.1\lib\</path>
         <kind>archive</kind>
         <file>rts430x_lc_sd_eabi.lib</file>
         <name>asr32.obj</name>
      </input_file>
      <input_file id="fl-53">
         <path>C:\ti\ccsv5\tools\compiler\msp430_4.2.1\lib\</path>
         <kind>archive</kind>
         <file>rts430x_lc_sd_eabi.lib</file>
         <name>autoinit.obj</name>
      </input_file>
      <input_file id="fl-54">
         <path>C:\ti\ccsv5\tools\compiler\msp430_4.2.1\lib\</path>
         <kind>archive</kind>
         <file>rts430x_lc_sd_eabi.lib</file>
         <name>frcmpyd.obj</name>
      </input_file>
      <input_file id="fl-55">
         <path>C:\ti\ccsv5\tools\compiler\msp430_4.2.1\lib\</path>
         <kind>archive</kind>
         <file>rts430x_lc_sd_eabi.lib</file>
         <name>mult32_f5hw.obj</name>
      </input_file>
      <input_file id="fl-56">
         <path>C:\ti\ccsv5\tools\compiler\msp430_4.2.1\lib\</path>
         <kind>archive</kind>
         <file>rts430x_lc_sd_eabi.lib</file>
         <name>strcspn.obj</name>
      </input_file>
      <input_file id="fl-57">
         <path>C:\ti\ccsv5\tools\compiler\msp430_4.2.1\lib\</path>
         <kind>archive</kind>
         <file>rts430x_lc_sd_eabi.lib</file>
         <name>strspn.obj</name>
      </input_file>
   </input_file_list>
   <object_component_list>
      <object_component id="oc-93">
         <name>.stack</name>
         <uninitialized>true</uninitialized>
         <run_address>0x4360</run_address>
         <size>0x2</size>
         <input_file_ref idref="fl-28"/>
      </object_component>
      <object_component id="oc-487">
         <name>.stack</name>
         <uninitialized>true</uninitialized>
         <run_address>0x4360</run_address>
         <size>0x0</size>
      </object_component>
      <object_component id="oc-261">
         <name>.text:__TI_frcmpyd</name>
         <load_address>0x45e8</load_address>
         <run_address>0x45e8</run_address>
         <size>0x2da</size>
         <input_file_ref idref="fl-54"/>
      </object_component>
      <object_component id="oc-19e">
         <name>.text:__mspabi_addd</name>
         <load_address>0x48c2</load_address>
         <run_address>0x48c2</run_address>
         <size>0x2d8</size>
         <input_file_ref idref="fl-27"/>
      </object_component>
      <object_component id="oc-26d">
         <name>.text:__TI_frcaddd</name>
         <load_address>0x4b9a</load_address>
         <run_address>0x4b9a</run_address>
         <size>0x260</size>
         <input_file_ref idref="fl-32"/>
      </object_component>
      <object_component id="oc-199">
         <name>.text:__mspabi_mpyd</name>
         <load_address>0x4dfa</load_address>
         <run_address>0x4dfa</run_address>
         <size>0x244</size>
         <input_file_ref idref="fl-4a"/>
      </object_component>
      <object_component id="oc-1d4">
         <name>.text:function_handler</name>
         <load_address>0x503e</load_address>
         <run_address>0x503e</run_address>
         <size>0x160</size>
         <input_file_ref idref="fl-2"/>
      </object_component>
      <object_component id="oc-ae">
         <name>.text:main</name>
         <load_address>0x519e</load_address>
         <run_address>0x519e</run_address>
         <size>0xe6</size>
         <input_file_ref idref="fl-3"/>
      </object_component>
      <object_component id="oc-d0">
         <name>.text:__TI_decompress_rle_core</name>
         <load_address>0x5284</load_address>
         <run_address>0x5284</run_address>
         <size>0xd8</size>
         <input_file_ref idref="fl-2a"/>
      </object_component>
      <object_component id="oc-100">
         <name>.text:process_char</name>
         <load_address>0x535c</load_address>
         <run_address>0x535c</run_address>
         <size>0xc6</size>
         <input_file_ref idref="fl-2"/>
      </object_component>
      <object_component id="oc-ee">
         <name>.text:init_tShell</name>
         <load_address>0x5422</load_address>
         <run_address>0x5422</run_address>
         <size>0xb6</size>
         <input_file_ref idref="fl-2"/>
      </object_component>
      <object_component id="oc-3b1">
         <name>.text:__TI_renormd</name>
         <load_address>0x54d8</load_address>
         <run_address>0x54d8</run_address>
         <size>0xb4</size>
         <input_file_ref idref="fl-4c"/>
      </object_component>
      <object_component id="oc-1a3">
         <name>.text:__mspabi_cvtdf</name>
         <load_address>0x558c</load_address>
         <run_address>0x558c</run_address>
         <size>0xa0</size>
         <input_file_ref idref="fl-2d"/>
      </object_component>
      <object_component id="oc-25a">
         <name>.text:__mspabi_fltlid</name>
         <load_address>0x562c</load_address>
         <run_address>0x562c</run_address>
         <size>0xa0</size>
         <input_file_ref idref="fl-31"/>
      </object_component>
      <object_component id="oc-18e">
         <name>.text:send_temp_data_frame</name>
         <load_address>0x56cc</load_address>
         <run_address>0x56cc</run_address>
         <size>0x9a</size>
         <input_file_ref idref="fl-7"/>
      </object_component>
      <object_component id="oc-11d">
         <name>.text:control_freezer</name>
         <load_address>0x5766</load_address>
         <run_address>0x5766</run_address>
         <size>0x94</size>
         <input_file_ref idref="fl-7"/>
      </object_component>
      <object_component id="oc-a9">
         <name>.text:_auto_init</name>
         <load_address>0x57fa</load_address>
         <run_address>0x57fa</run_address>
         <size>0x70</size>
         <input_file_ref idref="fl-53"/>
      </object_component>
      <object_component id="oc-164">
         <name>.text:scan_buf</name>
         <load_address>0x586a</load_address>
         <run_address>0x586a</run_address>
         <size>0x6c</size>
         <input_file_ref idref="fl-2"/>
      </object_component>
      <object_component id="oc-118">
         <name>.text:poll_and_send_temps</name>
         <load_address>0x58d6</load_address>
         <run_address>0x58d6</run_address>
         <size>0x5e</size>
         <input_file_ref idref="fl-7"/>
      </object_component>
      <object_component id="oc-15b">
         <name>.text</name>
         <load_address>0x5934</load_address>
         <run_address>0x5934</run_address>
         <size>0x58</size>
         <input_file_ref idref="fl-2e"/>
      </object_component>
      <object_component id="oc-108">
         <name>.text:fifo_put</name>
         <load_address>0x598c</load_address>
         <run_address>0x598c</run_address>
         <size>0x54</size>
         <input_file_ref idref="fl-5"/>
      </object_component>
      <object_component id="oc-fb">
         <name>.text:fifo_get</name>
         <load_address>0x59e0</load_address>
         <run_address>0x59e0</run_address>
         <size>0x52</size>
         <input_file_ref idref="fl-5"/>
      </object_component>
      <object_component id="oc-2bc">
         <name>.text:set_fridge_both_high</name>
         <load_address>0x5a32</load_address>
         <run_address>0x5a32</run_address>
         <size>0x50</size>
         <input_file_ref idref="fl-7"/>
      </object_component>
      <object_component id="oc-294">
         <name>.text:send_fridge_state_frame</name>
         <load_address>0x5a82</load_address>
         <run_address>0x5a82</run_address>
         <size>0x4e</size>
         <input_file_ref idref="fl-7"/>
      </object_component>
      <object_component id="oc-1b1">
         <name>.text:set_fridge_both_off</name>
         <load_address>0x5ad0</load_address>
         <run_address>0x5ad0</run_address>
         <size>0x4c</size>
         <input_file_ref idref="fl-7"/>
      </object_component>
      <object_component id="oc-1ac">
         <name>.text:set_fridge_high_freezer_low</name>
         <load_address>0x5b1c</load_address>
         <run_address>0x5b1c</run_address>
         <size>0x4c</size>
         <input_file_ref idref="fl-7"/>
      </object_component>
      <object_component id="oc-2b7">
         <name>.text:set_fridge_low_freezer_high</name>
         <load_address>0x5b68</load_address>
         <run_address>0x5b68</run_address>
         <size>0x4c</size>
         <input_file_ref idref="fl-7"/>
      </object_component>
      <object_component id="oc-1a8">
         <name>.text</name>
         <load_address>0x5bb4</load_address>
         <run_address>0x5bb4</run_address>
         <size>0x4a</size>
         <input_file_ref idref="fl-33"/>
      </object_component>
      <object_component id="oc-1cd">
         <name>.text:strtok</name>
         <load_address>0x5bfe</load_address>
         <run_address>0x5bfe</run_address>
         <size>0x4a</size>
         <input_file_ref idref="fl-4f"/>
      </object_component>
      <object_component id="oc-2c1">
         <name>.text:set_fridge_both_low</name>
         <load_address>0x5c48</load_address>
         <run_address>0x5c48</run_address>
         <size>0x48</size>
         <input_file_ref idref="fl-7"/>
      </object_component>
      <object_component id="oc-be">
         <name>.text:__memcpy_far</name>
         <load_address>0x5c90</load_address>
         <run_address>0x5c90</run_address>
         <size>0x40</size>
         <input_file_ref idref="fl-2c"/>
      </object_component>
      <object_component id="oc-89">
         <name>.text:decompress:ZI:__TI_zero_init</name>
         <load_address>0x5cd0</load_address>
         <run_address>0x5cd0</run_address>
         <size>0x3e</size>
         <input_file_ref idref="fl-2b"/>
      </object_component>
      <object_component id="oc-39d">
         <name>.text:l_asr_const</name>
         <load_address>0x5d0e</load_address>
         <run_address>0x5d0e</run_address>
         <size>0x3e</size>
         <input_file_ref idref="fl-52"/>
      </object_component>
      <object_component id="oc-274">
         <name>.text:l_lsl_const</name>
         <load_address>0x5d4c</load_address>
         <run_address>0x5d4c</run_address>
         <size>0x3e</size>
         <input_file_ref idref="fl-48"/>
      </object_component>
      <object_component id="oc-391">
         <name>.text:l_lsr_const</name>
         <load_address>0x5d8a</load_address>
         <run_address>0x5d8a</run_address>
         <size>0x3e</size>
         <input_file_ref idref="fl-49"/>
      </object_component>
      <object_component id="oc-84">
         <name>.text:decompress:none:__TI_decompress_none</name>
         <load_address>0x5dc8</load_address>
         <run_address>0x5dc8</run_address>
         <size>0x3c</size>
         <input_file_ref idref="fl-29"/>
      </object_component>
      <object_component id="oc-280">
         <name>.text:send_packet_header</name>
         <load_address>0x5e04</load_address>
         <run_address>0x5e04</run_address>
         <size>0x38</size>
         <input_file_ref idref="fl-7"/>
      </object_component>
      <object_component id="oc-170">
         <name>.text:GetData_TEMP0</name>
         <load_address>0x5e3c</load_address>
         <run_address>0x5e3c</run_address>
         <size>0x36</size>
         <input_file_ref idref="fl-6"/>
      </object_component>
      <object_component id="oc-175">
         <name>.text:GetData_TEMP1</name>
         <load_address>0x5e72</load_address>
         <run_address>0x5e72</run_address>
         <size>0x36</size>
         <input_file_ref idref="fl-6"/>
      </object_component>
      <object_component id="oc-17a">
         <name>.text:GetData_TEMP2</name>
         <load_address>0x5ea8</load_address>
         <run_address>0x5ea8</run_address>
         <size>0x36</size>
         <input_file_ref idref="fl-6"/>
      </object_component>
      <object_component id="oc-17f">
         <name>.text:GetData_TEMP3</name>
         <load_address>0x5ede</load_address>
         <run_address>0x5ede</run_address>
         <size>0x36</size>
         <input_file_ref idref="fl-6"/>
      </object_component>
      <object_component id="oc-184">
         <name>.text:GetData_TEMP4</name>
         <load_address>0x5f14</load_address>
         <run_address>0x5f14</run_address>
         <size>0x36</size>
         <input_file_ref idref="fl-6"/>
      </object_component>
      <object_component id="oc-189">
         <name>.text:GetData_TEMP5</name>
         <load_address>0x5f4a</load_address>
         <run_address>0x5f4a</run_address>
         <size>0x36</size>
         <input_file_ref idref="fl-6"/>
      </object_component>
      <object_component id="oc-2fc">
         <name>.text:ReadBit_TEMP0</name>
         <load_address>0x5f80</load_address>
         <run_address>0x5f80</run_address>
         <size>0x34</size>
         <input_file_ref idref="fl-6"/>
      </object_component>
      <object_component id="oc-388">
         <name>.text:ReadBit_TEMP5</name>
         <load_address>0x5fb4</load_address>
         <run_address>0x5fb4</run_address>
         <size>0x34</size>
         <input_file_ref idref="fl-6"/>
      </object_component>
      <object_component id="oc-142">
         <name>.text:print_prompt</name>
         <load_address>0x5fe8</load_address>
         <run_address>0x5fe8</run_address>
         <size>0x34</size>
         <input_file_ref idref="fl-2"/>
      </object_component>
      <object_component id="oc-318">
         <name>.text:ReadBit_TEMP1</name>
         <load_address>0x601c</load_address>
         <run_address>0x601c</run_address>
         <size>0x32</size>
         <input_file_ref idref="fl-6"/>
      </object_component>
      <object_component id="oc-334">
         <name>.text:ReadBit_TEMP2</name>
         <load_address>0x604e</load_address>
         <run_address>0x604e</run_address>
         <size>0x32</size>
         <input_file_ref idref="fl-6"/>
      </object_component>
      <object_component id="oc-350">
         <name>.text:ReadBit_TEMP3</name>
         <load_address>0x6080</load_address>
         <run_address>0x6080</run_address>
         <size>0x32</size>
         <input_file_ref idref="fl-6"/>
      </object_component>
      <object_component id="oc-36c">
         <name>.text:ReadBit_TEMP4</name>
         <load_address>0x60b2</load_address>
         <run_address>0x60b2</run_address>
         <size>0x32</size>
         <input_file_ref idref="fl-6"/>
      </object_component>
      <object_component id="oc-e5">
         <name>.text:timer_event_handler</name>
         <load_address>0x60e4</load_address>
         <run_address>0x60e4</run_address>
         <size>0x2c</size>
         <input_file_ref idref="fl-7"/>
      </object_component>
      <object_component id="oc-1da">
         <name>.text:Reset_TEMP0</name>
         <load_address>0x6110</load_address>
         <run_address>0x6110</run_address>
         <size>0x2a</size>
         <input_file_ref idref="fl-6"/>
      </object_component>
      <object_component id="oc-22f">
         <name>.text:Reset_TEMP5</name>
         <load_address>0x613a</load_address>
         <run_address>0x613a</run_address>
         <size>0x2a</size>
         <input_file_ref idref="fl-6"/>
      </object_component>
      <object_component id="oc-2da">
         <name>.text:print_line</name>
         <load_address>0x6164</load_address>
         <run_address>0x6164</run_address>
         <size>0x2a</size>
         <input_file_ref idref="fl-2"/>
      </object_component>
      <object_component id="oc-1e9">
         <name>.text:Read_TEMP0</name>
         <load_address>0x618e</load_address>
         <run_address>0x618e</run_address>
         <size>0x28</size>
         <input_file_ref idref="fl-6"/>
      </object_component>
      <object_component id="oc-1f9">
         <name>.text:Read_TEMP1</name>
         <load_address>0x61b6</load_address>
         <run_address>0x61b6</run_address>
         <size>0x28</size>
         <input_file_ref idref="fl-6"/>
      </object_component>
      <object_component id="oc-209">
         <name>.text:Read_TEMP2</name>
         <load_address>0x61de</load_address>
         <run_address>0x61de</run_address>
         <size>0x28</size>
         <input_file_ref idref="fl-6"/>
      </object_component>
      <object_component id="oc-219">
         <name>.text:Read_TEMP3</name>
         <load_address>0x6206</load_address>
         <run_address>0x6206</run_address>
         <size>0x28</size>
         <input_file_ref idref="fl-6"/>
      </object_component>
      <object_component id="oc-229">
         <name>.text:Read_TEMP4</name>
         <load_address>0x622e</load_address>
         <run_address>0x622e</run_address>
         <size>0x28</size>
         <input_file_ref idref="fl-6"/>
      </object_component>
      <object_component id="oc-239">
         <name>.text:Read_TEMP5</name>
         <load_address>0x6256</load_address>
         <run_address>0x6256</run_address>
         <size>0x28</size>
         <input_file_ref idref="fl-6"/>
      </object_component>
      <object_component id="oc-1ef">
         <name>.text:Reset_TEMP1</name>
         <load_address>0x627e</load_address>
         <run_address>0x627e</run_address>
         <size>0x28</size>
         <input_file_ref idref="fl-6"/>
      </object_component>
      <object_component id="oc-1ff">
         <name>.text:Reset_TEMP2</name>
         <load_address>0x62a6</load_address>
         <run_address>0x62a6</run_address>
         <size>0x28</size>
         <input_file_ref idref="fl-6"/>
      </object_component>
      <object_component id="oc-20f">
         <name>.text:Reset_TEMP3</name>
         <load_address>0x62ce</load_address>
         <run_address>0x62ce</run_address>
         <size>0x28</size>
         <input_file_ref idref="fl-6"/>
      </object_component>
      <object_component id="oc-21f">
         <name>.text:Reset_TEMP4</name>
         <load_address>0x62f6</load_address>
         <run_address>0x62f6</run_address>
         <size>0x28</size>
         <input_file_ref idref="fl-6"/>
      </object_component>
      <object_component id="oc-2a1">
         <name>.text:strspn</name>
         <load_address>0x631e</load_address>
         <run_address>0x631e</run_address>
         <size>0x28</size>
         <input_file_ref idref="fl-57"/>
      </object_component>
      <object_component id="oc-2b2">
         <name>.text:onewire_test</name>
         <load_address>0x6346</load_address>
         <run_address>0x6346</run_address>
         <size>0x26</size>
         <input_file_ref idref="fl-7"/>
      </object_component>
      <object_component id="oc-2a6">
         <name>.text:strcspn</name>
         <load_address>0x636c</load_address>
         <run_address>0x636c</run_address>
         <size>0x26</size>
         <input_file_ref idref="fl-56"/>
      </object_component>
      <object_component id="oc-1df">
         <name>.text:Write_TEMP0</name>
         <load_address>0x6392</load_address>
         <run_address>0x6392</run_address>
         <size>0x24</size>
         <input_file_ref idref="fl-6"/>
      </object_component>
      <object_component id="oc-1f4">
         <name>.text:Write_TEMP1</name>
         <load_address>0x63b6</load_address>
         <run_address>0x63b6</run_address>
         <size>0x24</size>
         <input_file_ref idref="fl-6"/>
      </object_component>
      <object_component id="oc-204">
         <name>.text:Write_TEMP2</name>
         <load_address>0x63da</load_address>
         <run_address>0x63da</run_address>
         <size>0x24</size>
         <input_file_ref idref="fl-6"/>
      </object_component>
      <object_component id="oc-214">
         <name>.text:Write_TEMP3</name>
         <load_address>0x63fe</load_address>
         <run_address>0x63fe</run_address>
         <size>0x24</size>
         <input_file_ref idref="fl-6"/>
      </object_component>
      <object_component id="oc-224">
         <name>.text:Write_TEMP4</name>
         <load_address>0x6422</load_address>
         <run_address>0x6422</run_address>
         <size>0x24</size>
         <input_file_ref idref="fl-6"/>
      </object_component>
      <object_component id="oc-234">
         <name>.text:Write_TEMP5</name>
         <load_address>0x6446</load_address>
         <run_address>0x6446</run_address>
         <size>0x24</size>
         <input_file_ref idref="fl-6"/>
      </object_component>
      <object_component id="oc-131">
         <name>.text:fifo_init</name>
         <load_address>0x646a</load_address>
         <run_address>0x646a</run_address>
         <size>0x24</size>
         <input_file_ref idref="fl-5"/>
      </object_component>
      <object_component id="oc-3dd">
         <name>.text:fridge_string</name>
         <load_address>0x648e</load_address>
         <run_address>0x648e</run_address>
         <size>0x22</size>
         <input_file_ref idref="fl-7"/>
      </object_component>
      <object_component id="oc-13d">
         <name>.text:print_string</name>
         <load_address>0x64b0</load_address>
         <run_address>0x64b0</run_address>
         <size>0x22</size>
         <input_file_ref idref="fl-2"/>
      </object_component>
      <object_component id="oc-399">
         <name>.text</name>
         <load_address>0x64d2</load_address>
         <run_address>0x64d2</run_address>
         <size>0x22</size>
         <input_file_ref idref="fl-55"/>
      </object_component>
      <object_component id="oc-2f5">
         <name>.text:WriteOne_TEMP0</name>
         <load_address>0x64f4</load_address>
         <run_address>0x64f4</run_address>
         <size>0x20</size>
         <input_file_ref idref="fl-6"/>
      </object_component>
      <object_component id="oc-312">
         <name>.text:WriteOne_TEMP1</name>
         <load_address>0x6514</load_address>
         <run_address>0x6514</run_address>
         <size>0x20</size>
         <input_file_ref idref="fl-6"/>
      </object_component>
      <object_component id="oc-32e">
         <name>.text:WriteOne_TEMP2</name>
         <load_address>0x6534</load_address>
         <run_address>0x6534</run_address>
         <size>0x20</size>
         <input_file_ref idref="fl-6"/>
      </object_component>
      <object_component id="oc-34a">
         <name>.text:WriteOne_TEMP3</name>
         <load_address>0x6554</load_address>
         <run_address>0x6554</run_address>
         <size>0x20</size>
         <input_file_ref idref="fl-6"/>
      </object_component>
      <object_component id="oc-366">
         <name>.text:WriteOne_TEMP4</name>
         <load_address>0x6574</load_address>
         <run_address>0x6574</run_address>
         <size>0x20</size>
         <input_file_ref idref="fl-6"/>
      </object_component>
      <object_component id="oc-382">
         <name>.text:WriteOne_TEMP5</name>
         <load_address>0x6594</load_address>
         <run_address>0x6594</run_address>
         <size>0x20</size>
         <input_file_ref idref="fl-6"/>
      </object_component>
      <object_component id="oc-2cb">
         <name>.text:check_button</name>
         <load_address>0x65b4</load_address>
         <run_address>0x65b4</run_address>
         <size>0x1a</size>
         <input_file_ref idref="fl-7"/>
      </object_component>
      <object_component id="oc-254">
         <name>.text:print_string_no_term</name>
         <load_address>0x65ce</load_address>
         <run_address>0x65ce</run_address>
         <size>0x1a</size>
         <input_file_ref idref="fl-2"/>
      </object_component>
      <object_component id="oc-2f0">
         <name>.text:WriteZero_TEMP0</name>
         <load_address>0x65e8</load_address>
         <run_address>0x65e8</run_address>
         <size>0x18</size>
         <input_file_ref idref="fl-6"/>
      </object_component>
      <object_component id="oc-30d">
         <name>.text:WriteZero_TEMP1</name>
         <load_address>0x6600</load_address>
         <run_address>0x6600</run_address>
         <size>0x18</size>
         <input_file_ref idref="fl-6"/>
      </object_component>
      <object_component id="oc-329">
         <name>.text:WriteZero_TEMP2</name>
         <load_address>0x6618</load_address>
         <run_address>0x6618</run_address>
         <size>0x18</size>
         <input_file_ref idref="fl-6"/>
      </object_component>
      <object_component id="oc-345">
         <name>.text:WriteZero_TEMP3</name>
         <load_address>0x6630</load_address>
         <run_address>0x6630</run_address>
         <size>0x18</size>
         <input_file_ref idref="fl-6"/>
      </object_component>
      <object_component id="oc-361">
         <name>.text:WriteZero_TEMP4</name>
         <load_address>0x6648</load_address>
         <run_address>0x6648</run_address>
         <size>0x18</size>
         <input_file_ref idref="fl-6"/>
      </object_component>
      <object_component id="oc-37d">
         <name>.text:WriteZero_TEMP5</name>
         <load_address>0x6660</load_address>
         <run_address>0x6660</run_address>
         <size>0x18</size>
         <input_file_ref idref="fl-6"/>
      </object_component>
      <object_component id="oc-1e4">
         <name>.text:delay_ms</name>
         <load_address>0x6678</load_address>
         <run_address>0x6678</run_address>
         <size>0x18</size>
         <input_file_ref idref="fl-4"/>
      </object_component>
      <object_component id="oc-2ad">
         <name>.text:strcmp</name>
         <load_address>0x6690</load_address>
         <run_address>0x6690</run_address>
         <size>0x18</size>
         <input_file_ref idref="fl-4d"/>
      </object_component>
      <object_component id="oc-f5">
         <name>.text:fifo_isEmpty</name>
         <load_address>0x66a8</load_address>
         <run_address>0x66a8</run_address>
         <size>0x16</size>
         <input_file_ref idref="fl-5"/>
      </object_component>
      <object_component id="oc-28f">
         <name>.text:send_packet_footer</name>
         <load_address>0x66be</load_address>
         <run_address>0x66be</run_address>
         <size>0x16</size>
         <input_file_ref idref="fl-7"/>
      </object_component>
      <object_component id="oc-28a">
         <name>.text:send_segment_terminator</name>
         <load_address>0x66d4</load_address>
         <run_address>0x66d4</run_address>
         <size>0x16</size>
         <input_file_ref idref="fl-7"/>
      </object_component>
      <object_component id="oc-2ea">
         <name>.text:TEMP0_RELEASE</name>
         <load_address>0x66ea</load_address>
         <run_address>0x66ea</run_address>
         <size>0x14</size>
         <input_file_ref idref="fl-6"/>
      </object_component>
      <object_component id="oc-377">
         <name>.text:TEMP5_RELEASE</name>
         <load_address>0x66fe</load_address>
         <run_address>0x66fe</run_address>
         <size>0x14</size>
         <input_file_ref idref="fl-6"/>
      </object_component>
      <object_component id="oc-285">
         <name>.text:fridge_char</name>
         <load_address>0x6712</load_address>
         <run_address>0x6712</run_address>
         <size>0x14</size>
         <input_file_ref idref="fl-7"/>
      </object_component>
      <object_component id="oc-12a">
         <name>.text:print_char</name>
         <load_address>0x6726</load_address>
         <run_address>0x6726</run_address>
         <size>0x14</size>
         <input_file_ref idref="fl-2"/>
      </object_component>
      <object_component id="oc-2d0">
         <name>.text:blink2</name>
         <load_address>0x673a</load_address>
         <run_address>0x673a</run_address>
         <size>0x10</size>
         <input_file_ref idref="fl-7"/>
      </object_component>
      <object_component id="oc-2e5">
         <name>.text:delay_us</name>
         <load_address>0x674a</load_address>
         <run_address>0x674a</run_address>
         <size>0x10</size>
         <input_file_ref idref="fl-4"/>
      </object_component>
      <object_component id="oc-3ad">
         <name>.text:l_asr</name>
         <load_address>0x675a</load_address>
         <run_address>0x675a</run_address>
         <size>0x10</size>
         <input_file_ref idref="fl-52"/>
      </object_component>
      <object_component id="oc-3a5">
         <name>.text:l_lsl</name>
         <load_address>0x676a</load_address>
         <run_address>0x676a</run_address>
         <size>0x10</size>
         <input_file_ref idref="fl-48"/>
      </object_component>
      <object_component id="oc-3a9">
         <name>.text:l_lsr</name>
         <load_address>0x677a</load_address>
         <run_address>0x677a</run_address>
         <size>0x10</size>
         <input_file_ref idref="fl-49"/>
      </object_component>
      <object_component id="oc-2e0">
         <name>.text:TEMP0_LO</name>
         <load_address>0x678a</load_address>
         <run_address>0x678a</run_address>
         <size>0xe</size>
         <input_file_ref idref="fl-6"/>
      </object_component>
      <object_component id="oc-307">
         <name>.text:TEMP1_RELEASE</name>
         <load_address>0x6798</load_address>
         <run_address>0x6798</run_address>
         <size>0xe</size>
         <input_file_ref idref="fl-6"/>
      </object_component>
      <object_component id="oc-323">
         <name>.text:TEMP2_RELEASE</name>
         <load_address>0x67a6</load_address>
         <run_address>0x67a6</run_address>
         <size>0xe</size>
         <input_file_ref idref="fl-6"/>
      </object_component>
      <object_component id="oc-33f">
         <name>.text:TEMP3_RELEASE</name>
         <load_address>0x67b4</load_address>
         <run_address>0x67b4</run_address>
         <size>0xe</size>
         <input_file_ref idref="fl-6"/>
      </object_component>
      <object_component id="oc-35b">
         <name>.text:TEMP4_RELEASE</name>
         <load_address>0x67c2</load_address>
         <run_address>0x67c2</run_address>
         <size>0xe</size>
         <input_file_ref idref="fl-6"/>
      </object_component>
      <object_component id="oc-372">
         <name>.text:TEMP5_LO</name>
         <load_address>0x67d0</load_address>
         <run_address>0x67d0</run_address>
         <size>0xe</size>
         <input_file_ref idref="fl-6"/>
      </object_component>
      <object_component id="oc-2d5">
         <name>.text:blink1</name>
         <load_address>0x67de</load_address>
         <run_address>0x67de</run_address>
         <size>0xe</size>
         <input_file_ref idref="fl-7"/>
      </object_component>
      <object_component id="oc-8e">
         <name>.text:decompress:rle24:__TI_decompress_rle24</name>
         <load_address>0x67ec</load_address>
         <run_address>0x67ec</run_address>
         <size>0xe</size>
         <input_file_ref idref="fl-2a"/>
      </object_component>
      <object_component id="oc-1ba">
         <name>.text:strlen</name>
         <load_address>0x67fa</load_address>
         <run_address>0x67fa</run_address>
         <size>0xe</size>
         <input_file_ref idref="fl-4e"/>
      </object_component>
      <object_component id="oc-194">
         <name>.text:__mspabi_fltid</name>
         <load_address>0x6808</load_address>
         <run_address>0x6808</run_address>
         <size>0xc</size>
         <input_file_ref idref="fl-30"/>
      </object_component>
      <object_component id="oc-302">
         <name>.text:TEMP1_LO</name>
         <load_address>0x6814</load_address>
         <run_address>0x6814</run_address>
         <size>0xa</size>
         <input_file_ref idref="fl-6"/>
      </object_component>
      <object_component id="oc-31e">
         <name>.text:TEMP2_LO</name>
         <load_address>0x681e</load_address>
         <run_address>0x681e</run_address>
         <size>0xa</size>
         <input_file_ref idref="fl-6"/>
      </object_component>
      <object_component id="oc-33a">
         <name>.text:TEMP3_LO</name>
         <load_address>0x6828</load_address>
         <run_address>0x6828</run_address>
         <size>0xa</size>
         <input_file_ref idref="fl-6"/>
      </object_component>
      <object_component id="oc-356">
         <name>.text:TEMP4_LO</name>
         <load_address>0x6832</load_address>
         <run_address>0x6832</run_address>
         <size>0xa</size>
         <input_file_ref idref="fl-6"/>
      </object_component>
      <object_component id="oc-2c6">
         <name>.text:fridge_test</name>
         <load_address>0x683c</load_address>
         <run_address>0x683c</run_address>
         <size>0xa</size>
         <input_file_ref idref="fl-7"/>
      </object_component>
      <object_component id="oc-96">
         <name>.text:__TI_ISR_TRAP</name>
         <load_address>0x6846</load_address>
         <run_address>0x6846</run_address>
         <size>0x6</size>
         <input_file_ref idref="fl-47"/>
      </object_component>
      <object_component id="oc-137">
         <name>.text:fifo_status</name>
         <load_address>0x684c</load_address>
         <run_address>0x684c</run_address>
         <size>0x6</size>
         <input_file_ref idref="fl-5"/>
      </object_component>
      <object_component id="oc-a4">
         <name>.text:_system_pre_init</name>
         <load_address>0x6852</load_address>
         <run_address>0x6852</run_address>
         <size>0x4</size>
         <input_file_ref idref="fl-4b"/>
      </object_component>
      <object_component id="oc-b3">
         <name>.text:abort</name>
         <load_address>0x6856</load_address>
         <run_address>0x6856</run_address>
         <size>0x4</size>
         <input_file_ref idref="fl-2f"/>
      </object_component>
      <object_component id="oc-72">
         <name>.text:_isr:_c_int00_noexit</name>
         <load_address>0x45a2</load_address>
         <run_address>0x45a2</run_address>
         <size>0x1a</size>
         <input_file_ref idref="fl-28"/>
      </object_component>
      <object_component id="oc-b9">
         <name>.text:_isr:USCI_A0_ISR</name>
         <load_address>0x45bc</load_address>
         <run_address>0x45bc</run_address>
         <size>0x18</size>
         <input_file_ref idref="fl-3"/>
      </object_component>
      <object_component id="oc-9f">
         <name>.text:_isr:TIMER1_A0_ISR</name>
         <load_address>0x45d4</load_address>
         <run_address>0x45d4</run_address>
         <size>0xa</size>
         <input_file_ref idref="fl-3"/>
      </object_component>
      <object_component id="oc-9a">
         <name>.text:_isr:USCI_A1_ISR</name>
         <load_address>0x45de</load_address>
         <run_address>0x45de</run_address>
         <size>0xa</size>
         <input_file_ref idref="fl-3"/>
      </object_component>
      <object_component id="oc-483">
         <name>__TI_handler_table</name>
         <load_address>0x685a</load_address>
         <run_address>0x685a</run_address>
         <size>0xc</size>
      </object_component>
      <object_component id="oc-486">
         <name>.cinit..data.load</name>
         <load_address>0x6866</load_address>
         <run_address>0x6866</run_address>
         <size>0x9</size>
      </object_component>
      <object_component id="oc-485">
         <name>.cinit..bss.load</name>
         <load_address>0x6870</load_address>
         <run_address>0x6870</run_address>
         <size>0x6</size>
      </object_component>
      <object_component id="oc-484">
         <name>__TI_cinit_table</name>
         <load_address>0x6876</load_address>
         <run_address>0x6876</run_address>
         <size>0x10</size>
      </object_component>
      <object_component id="oc-13c">
         <name>.const:.string</name>
         <load_address>0x4400</load_address>
         <run_address>0x4400</run_address>
         <size>0x150</size>
         <input_file_ref idref="fl-2"/>
      </object_component>
      <object_component id="oc-3d8">
         <name>.const:.string</name>
         <load_address>0x4550</load_address>
         <run_address>0x4550</run_address>
         <size>0x4a</size>
         <input_file_ref idref="fl-7"/>
      </object_component>
      <object_component id="oc-1c0">
         <name>.const:.string:$P$T0$1</name>
         <load_address>0x459a</load_address>
         <run_address>0x459a</run_address>
         <size>0x8</size>
         <input_file_ref idref="fl-2"/>
      </object_component>
      <object_component id="oc-69">
         <name>.int41</name>
         <load_address>0xffd2</load_address>
         <run_address>0xffd2</run_address>
         <size>0x2</size>
         <input_file_ref idref="fl-34"/>
      </object_component>
      <object_component id="oc-6a">
         <name>.int42</name>
         <load_address>0xffd4</load_address>
         <run_address>0xffd4</run_address>
         <size>0x2</size>
         <input_file_ref idref="fl-35"/>
      </object_component>
      <object_component id="oc-6b">
         <name>.int43</name>
         <load_address>0xffd6</load_address>
         <run_address>0xffd6</run_address>
         <size>0x2</size>
         <input_file_ref idref="fl-36"/>
      </object_component>
      <object_component id="oc-6c">
         <name>.int44</name>
         <load_address>0xffd8</load_address>
         <run_address>0xffd8</run_address>
         <size>0x2</size>
         <input_file_ref idref="fl-37"/>
      </object_component>
      <object_component id="oc-6d">
         <name>.int45</name>
         <load_address>0xffda</load_address>
         <run_address>0xffda</run_address>
         <size>0x2</size>
         <input_file_ref idref="fl-38"/>
      </object_component>
      <object_component id="oc-6e">
         <name>.int46</name>
         <load_address>0xffdc</load_address>
         <run_address>0xffdc</run_address>
         <size>0x2</size>
         <input_file_ref idref="fl-3"/>
      </object_component>
      <object_component id="oc-6f">
         <name>.int47</name>
         <load_address>0xffde</load_address>
         <run_address>0xffde</run_address>
         <size>0x2</size>
         <input_file_ref idref="fl-39"/>
      </object_component>
      <object_component id="oc-70">
         <name>.int48</name>
         <load_address>0xffe0</load_address>
         <run_address>0xffe0</run_address>
         <size>0x2</size>
         <input_file_ref idref="fl-3a"/>
      </object_component>
      <object_component id="oc-71">
         <name>.int49</name>
         <load_address>0xffe2</load_address>
         <run_address>0xffe2</run_address>
         <size>0x2</size>
         <input_file_ref idref="fl-3"/>
      </object_component>
      <object_component id="oc-77">
         <name>.int50</name>
         <load_address>0xffe4</load_address>
         <run_address>0xffe4</run_address>
         <size>0x2</size>
         <input_file_ref idref="fl-3b"/>
      </object_component>
      <object_component id="oc-78">
         <name>.int51</name>
         <load_address>0xffe6</load_address>
         <run_address>0xffe6</run_address>
         <size>0x2</size>
         <input_file_ref idref="fl-3c"/>
      </object_component>
      <object_component id="oc-79">
         <name>.int52</name>
         <load_address>0xffe8</load_address>
         <run_address>0xffe8</run_address>
         <size>0x2</size>
         <input_file_ref idref="fl-3d"/>
      </object_component>
      <object_component id="oc-7a">
         <name>.int53</name>
         <load_address>0xffea</load_address>
         <run_address>0xffea</run_address>
         <size>0x2</size>
         <input_file_ref idref="fl-3e"/>
      </object_component>
      <object_component id="oc-7b">
         <name>.int54</name>
         <load_address>0xffec</load_address>
         <run_address>0xffec</run_address>
         <size>0x2</size>
         <input_file_ref idref="fl-3f"/>
      </object_component>
      <object_component id="oc-7c">
         <name>.int55</name>
         <load_address>0xffee</load_address>
         <run_address>0xffee</run_address>
         <size>0x2</size>
         <input_file_ref idref="fl-40"/>
      </object_component>
      <object_component id="oc-7d">
         <name>.int56</name>
         <load_address>0xfff0</load_address>
         <run_address>0xfff0</run_address>
         <size>0x2</size>
         <input_file_ref idref="fl-3"/>
      </object_component>
      <object_component id="oc-7e">
         <name>.int57</name>
         <load_address>0xfff2</load_address>
         <run_address>0xfff2</run_address>
         <size>0x2</size>
         <input_file_ref idref="fl-41"/>
      </object_component>
      <object_component id="oc-7f">
         <name>.int58</name>
         <load_address>0xfff4</load_address>
         <run_address>0xfff4</run_address>
         <size>0x2</size>
         <input_file_ref idref="fl-42"/>
      </object_component>
      <object_component id="oc-80">
         <name>.int59</name>
         <load_address>0xfff6</load_address>
         <run_address>0xfff6</run_address>
         <size>0x2</size>
         <input_file_ref idref="fl-43"/>
      </object_component>
      <object_component id="oc-81">
         <name>.int60</name>
         <load_address>0xfff8</load_address>
         <run_address>0xfff8</run_address>
         <size>0x2</size>
         <input_file_ref idref="fl-44"/>
      </object_component>
      <object_component id="oc-82">
         <name>.int61</name>
         <load_address>0xfffa</load_address>
         <run_address>0xfffa</run_address>
         <size>0x2</size>
         <input_file_ref idref="fl-45"/>
      </object_component>
      <object_component id="oc-83">
         <name>.int62</name>
         <load_address>0xfffc</load_address>
         <run_address>0xfffc</run_address>
         <size>0x2</size>
         <input_file_ref idref="fl-46"/>
      </object_component>
      <object_component id="oc-95">
         <name>.reset</name>
         <load_address>0xfffe</load_address>
         <run_address>0xfffe</run_address>
         <size>0x2</size>
         <input_file_ref idref="fl-28"/>
      </object_component>
      <object_component id="oc-136">
         <name>.common:shell_rx_fifo</name>
         <uninitialized>true</uninitialized>
         <run_address>0x2580</run_address>
         <size>0x14</size>
      </object_component>
      <object_component id="oc-130">
         <name>.common:shell_rx_fifo_buf</name>
         <uninitialized>true</uninitialized>
         <run_address>0x25a4</run_address>
         <size>0x4</size>
      </object_component>
      <object_component id="oc-1c8">
         <name>.common:inputbuf</name>
         <uninitialized>true</uninitialized>
         <run_address>0x2500</run_address>
         <size>0x40</size>
      </object_component>
      <object_component id="oc-1cc">
         <name>.common:validbuf</name>
         <uninitialized>true</uninitialized>
         <run_address>0x2540</run_address>
         <size>0x40</size>
      </object_component>
      <object_component id="oc-1d3">
         <name>.common:argv</name>
         <uninitialized>true</uninitialized>
         <run_address>0x2594</run_address>
         <size>0x10</size>
      </object_component>
      <object_component id="oc-3ca">
         <name>.common:tx_framebuf</name>
         <uninitialized>true</uninitialized>
         <run_address>0x2400</run_address>
         <size>0x100</size>
      </object_component>
      <object_component id="oc-116">
         <name>.data</name>
         <load_address>0x25a8</load_address>
         <run_address>0x25a8</run_address>
         <size>0x10</size>
         <input_file_ref idref="fl-7"/>
      </object_component>
      <object_component id="oc-160">
         <name>.data</name>
         <load_address>0x25b8</load_address>
         <run_address>0x25b8</run_address>
         <size>0x4</size>
         <input_file_ref idref="fl-2"/>
      </object_component>
      <object_component id="oc-29f">
         <name>.data</name>
         <load_address>0x25bc</load_address>
         <run_address>0x25bc</run_address>
         <size>0x2</size>
         <input_file_ref idref="fl-4f"/>
      </object_component>
      <object_component id="oc-73">
         <name>.debug_info</name>
         <load_address>0x0</load_address>
         <run_address>0x0</run_address>
         <size>0x125</size>
         <input_file_ref idref="fl-28"/>
      </object_component>
      <object_component id="oc-86">
         <name>.debug_info</name>
         <load_address>0x125</load_address>
         <run_address>0x125</run_address>
         <size>0x1b4</size>
         <input_file_ref idref="fl-29"/>
      </object_component>
      <object_component id="oc-8a">
         <name>.debug_info</name>
         <load_address>0x2d9</load_address>
         <run_address>0x2d9</run_address>
         <size>0x183</size>
         <input_file_ref idref="fl-2b"/>
      </object_component>
      <object_component id="oc-91">
         <name>.debug_info</name>
         <load_address>0x45c</load_address>
         <run_address>0x45c</run_address>
         <size>0x1a7</size>
         <input_file_ref idref="fl-2a"/>
      </object_component>
      <object_component id="oc-94">
         <name>.debug_info</name>
         <load_address>0x603</load_address>
         <run_address>0x603</run_address>
         <size>0xaa</size>
         <input_file_ref idref="fl-28"/>
      </object_component>
      <object_component id="oc-97">
         <name>.debug_info</name>
         <load_address>0x6ad</load_address>
         <run_address>0x6ad</run_address>
         <size>0xc2</size>
         <input_file_ref idref="fl-47"/>
      </object_component>
      <object_component id="oc-9b">
         <name>.debug_info</name>
         <load_address>0x76f</load_address>
         <run_address>0x76f</run_address>
         <size>0x102</size>
         <input_file_ref idref="fl-3"/>
      </object_component>
      <object_component id="oc-a0">
         <name>.debug_info</name>
         <load_address>0x871</load_address>
         <run_address>0x871</run_address>
         <size>0x120</size>
         <input_file_ref idref="fl-3"/>
      </object_component>
      <object_component id="oc-a5">
         <name>.debug_info</name>
         <load_address>0x991</load_address>
         <run_address>0x991</run_address>
         <size>0xfd</size>
         <input_file_ref idref="fl-4b"/>
      </object_component>
      <object_component id="oc-aa">
         <name>.debug_info</name>
         <load_address>0xa8e</load_address>
         <run_address>0xa8e</run_address>
         <size>0x176</size>
         <input_file_ref idref="fl-53"/>
      </object_component>
      <object_component id="oc-af">
         <name>.debug_info</name>
         <load_address>0xc04</load_address>
         <run_address>0xc04</run_address>
         <size>0x138</size>
         <input_file_ref idref="fl-3"/>
      </object_component>
      <object_component id="oc-b4">
         <name>.debug_info</name>
         <load_address>0xd3c</load_address>
         <run_address>0xd3c</run_address>
         <size>0xcc</size>
         <input_file_ref idref="fl-2f"/>
      </object_component>
      <object_component id="oc-ba">
         <name>.debug_info</name>
         <load_address>0xe08</load_address>
         <run_address>0xe08</run_address>
         <size>0x111</size>
         <input_file_ref idref="fl-3"/>
      </object_component>
      <object_component id="oc-bf">
         <name>.debug_info</name>
         <load_address>0xf19</load_address>
         <run_address>0xf19</run_address>
         <size>0xcd</size>
         <input_file_ref idref="fl-2c"/>
      </object_component>
      <object_component id="oc-c3">
         <name>.debug_info</name>
         <load_address>0xfe6</load_address>
         <run_address>0xfe6</run_address>
         <size>0x46</size>
         <input_file_ref idref="fl-29"/>
      </object_component>
      <object_component id="oc-c8">
         <name>.debug_info</name>
         <load_address>0x102c</load_address>
         <run_address>0x102c</run_address>
         <size>0x184</size>
         <input_file_ref idref="fl-29"/>
      </object_component>
      <object_component id="oc-ca">
         <name>.debug_info</name>
         <load_address>0x11b0</load_address>
         <run_address>0x11b0</run_address>
         <size>0x46</size>
         <input_file_ref idref="fl-2b"/>
      </object_component>
      <object_component id="oc-cf">
         <name>.debug_info</name>
         <load_address>0x11f6</load_address>
         <run_address>0x11f6</run_address>
         <size>0x17f</size>
         <input_file_ref idref="fl-2b"/>
      </object_component>
      <object_component id="oc-d3">
         <name>.debug_info</name>
         <load_address>0x1375</load_address>
         <run_address>0x1375</run_address>
         <size>0x266</size>
         <input_file_ref idref="fl-2a"/>
      </object_component>
      <object_component id="oc-d6">
         <name>.debug_info</name>
         <load_address>0x15db</load_address>
         <run_address>0x15db</run_address>
         <size>0x189</size>
         <input_file_ref idref="fl-2a"/>
      </object_component>
      <object_component id="oc-d7">
         <name>.debug_info</name>
         <load_address>0x1764</load_address>
         <run_address>0x1764</run_address>
         <size>0x39</size>
         <input_file_ref idref="fl-2a"/>
      </object_component>
      <object_component id="oc-de">
         <name>.debug_info</name>
         <load_address>0x179d</load_address>
         <run_address>0x179d</run_address>
         <size>0x84</size>
         <input_file_ref idref="fl-2"/>
      </object_component>
      <object_component id="oc-e6">
         <name>.debug_info</name>
         <load_address>0x1821</load_address>
         <run_address>0x1821</run_address>
         <size>0x18c</size>
         <input_file_ref idref="fl-7"/>
      </object_component>
      <object_component id="oc-ed">
         <name>.debug_info</name>
         <load_address>0x19ad</load_address>
         <run_address>0x19ad</run_address>
         <size>0x2e0</size>
         <input_file_ref idref="fl-53"/>
      </object_component>
      <object_component id="oc-ef">
         <name>.debug_info</name>
         <load_address>0x1c8d</load_address>
         <run_address>0x1c8d</run_address>
         <size>0x25f</size>
         <input_file_ref idref="fl-2"/>
      </object_component>
      <object_component id="oc-f4">
         <name>.debug_info</name>
         <load_address>0x1eec</load_address>
         <run_address>0x1eec</run_address>
         <size>0x542</size>
         <input_file_ref idref="fl-2"/>
      </object_component>
      <object_component id="oc-f6">
         <name>.debug_info</name>
         <load_address>0x242e</load_address>
         <run_address>0x242e</run_address>
         <size>0x11d</size>
         <input_file_ref idref="fl-5"/>
      </object_component>
      <object_component id="oc-fc">
         <name>.debug_info</name>
         <load_address>0x254b</load_address>
         <run_address>0x254b</run_address>
         <size>0x135</size>
         <input_file_ref idref="fl-5"/>
      </object_component>
      <object_component id="oc-101">
         <name>.debug_info</name>
         <load_address>0x2680</load_address>
         <run_address>0x2680</run_address>
         <size>0x1e5</size>
         <input_file_ref idref="fl-2"/>
      </object_component>
      <object_component id="oc-109">
         <name>.debug_info</name>
         <load_address>0x2865</load_address>
         <run_address>0x2865</run_address>
         <size>0x13c</size>
         <input_file_ref idref="fl-5"/>
      </object_component>
      <object_component id="oc-117">
         <name>.debug_info</name>
         <load_address>0x29a1</load_address>
         <run_address>0x29a1</run_address>
         <size>0x1d1</size>
         <input_file_ref idref="fl-7"/>
      </object_component>
      <object_component id="oc-119">
         <name>.debug_info</name>
         <load_address>0x2b72</load_address>
         <run_address>0x2b72</run_address>
         <size>0x1ef</size>
         <input_file_ref idref="fl-7"/>
      </object_component>
      <object_component id="oc-11e">
         <name>.debug_info</name>
         <load_address>0x2d61</load_address>
         <run_address>0x2d61</run_address>
         <size>0x277</size>
         <input_file_ref idref="fl-7"/>
      </object_component>
      <object_component id="oc-125">
         <name>.debug_info</name>
         <load_address>0x2fd8</load_address>
         <run_address>0x2fd8</run_address>
         <size>0x39</size>
         <input_file_ref idref="fl-53"/>
      </object_component>
      <object_component id="oc-12b">
         <name>.debug_info</name>
         <load_address>0x3011</load_address>
         <run_address>0x3011</run_address>
         <size>0x12f</size>
         <input_file_ref idref="fl-2"/>
      </object_component>
      <object_component id="oc-132">
         <name>.debug_info</name>
         <load_address>0x3140</load_address>
         <run_address>0x3140</run_address>
         <size>0x161</size>
         <input_file_ref idref="fl-5"/>
      </object_component>
      <object_component id="oc-138">
         <name>.debug_info</name>
         <load_address>0x32a1</load_address>
         <run_address>0x32a1</run_address>
         <size>0x11b</size>
         <input_file_ref idref="fl-5"/>
      </object_component>
      <object_component id="oc-13e">
         <name>.debug_info</name>
         <load_address>0x33bc</load_address>
         <run_address>0x33bc</run_address>
         <size>0x167</size>
         <input_file_ref idref="fl-2"/>
      </object_component>
      <object_component id="oc-143">
         <name>.debug_info</name>
         <load_address>0x3523</load_address>
         <run_address>0x3523</run_address>
         <size>0x152</size>
         <input_file_ref idref="fl-2"/>
      </object_component>
      <object_component id="oc-14a">
         <name>.debug_info</name>
         <load_address>0x3675</load_address>
         <run_address>0x3675</run_address>
         <size>0xae</size>
         <input_file_ref idref="fl-2"/>
      </object_component>
      <object_component id="oc-14f">
         <name>.debug_info</name>
         <load_address>0x3723</load_address>
         <run_address>0x3723</run_address>
         <size>0x18b</size>
         <input_file_ref idref="fl-2"/>
      </object_component>
      <object_component id="oc-154">
         <name>.debug_info</name>
         <load_address>0x38ae</load_address>
         <run_address>0x38ae</run_address>
         <size>0x2c</size>
         <input_file_ref idref="fl-2"/>
      </object_component>
      <object_component id="oc-15a">
         <name>.debug_info</name>
         <load_address>0x38da</load_address>
         <run_address>0x38da</run_address>
         <size>0x13e</size>
         <input_file_ref idref="fl-5"/>
      </object_component>
      <object_component id="oc-15d">
         <name>.debug_info</name>
         <load_address>0x3a18</load_address>
         <run_address>0x3a18</run_address>
         <size>0xd6</size>
         <input_file_ref idref="fl-2e"/>
      </object_component>
      <object_component id="oc-161">
         <name>.debug_info</name>
         <load_address>0x3aee</load_address>
         <run_address>0x3aee</run_address>
         <size>0xf8</size>
         <input_file_ref idref="fl-2"/>
      </object_component>
      <object_component id="oc-165">
         <name>.debug_info</name>
         <load_address>0x3be6</load_address>
         <run_address>0x3be6</run_address>
         <size>0x181</size>
         <input_file_ref idref="fl-2"/>
      </object_component>
      <object_component id="oc-171">
         <name>.debug_info</name>
         <load_address>0x3d67</load_address>
         <run_address>0x3d67</run_address>
         <size>0x19e</size>
         <input_file_ref idref="fl-6"/>
      </object_component>
      <object_component id="oc-176">
         <name>.debug_info</name>
         <load_address>0x3f05</load_address>
         <run_address>0x3f05</run_address>
         <size>0x1a1</size>
         <input_file_ref idref="fl-6"/>
      </object_component>
      <object_component id="oc-17b">
         <name>.debug_info</name>
         <load_address>0x40a6</load_address>
         <run_address>0x40a6</run_address>
         <size>0x1a1</size>
         <input_file_ref idref="fl-6"/>
      </object_component>
      <object_component id="oc-180">
         <name>.debug_info</name>
         <load_address>0x4247</load_address>
         <run_address>0x4247</run_address>
         <size>0x1a1</size>
         <input_file_ref idref="fl-6"/>
      </object_component>
      <object_component id="oc-185">
         <name>.debug_info</name>
         <load_address>0x43e8</load_address>
         <run_address>0x43e8</run_address>
         <size>0x1a1</size>
         <input_file_ref idref="fl-6"/>
      </object_component>
      <object_component id="oc-18a">
         <name>.debug_info</name>
         <load_address>0x4589</load_address>
         <run_address>0x4589</run_address>
         <size>0x1a1</size>
         <input_file_ref idref="fl-6"/>
      </object_component>
      <object_component id="oc-18f">
         <name>.debug_info</name>
         <load_address>0x472a</load_address>
         <run_address>0x472a</run_address>
         <size>0x294</size>
         <input_file_ref idref="fl-7"/>
      </object_component>
      <object_component id="oc-195">
         <name>.debug_info</name>
         <load_address>0x49be</load_address>
         <run_address>0x49be</run_address>
         <size>0x11b</size>
         <input_file_ref idref="fl-30"/>
      </object_component>
      <object_component id="oc-19a">
         <name>.debug_info</name>
         <load_address>0x4ad9</load_address>
         <run_address>0x4ad9</run_address>
         <size>0x20d</size>
         <input_file_ref idref="fl-4a"/>
      </object_component>
      <object_component id="oc-19f">
         <name>.debug_info</name>
         <load_address>0x4ce6</load_address>
         <run_address>0x4ce6</run_address>
         <size>0x1d2</size>
         <input_file_ref idref="fl-27"/>
      </object_component>
      <object_component id="oc-1a4">
         <name>.debug_info</name>
         <load_address>0x4eb8</load_address>
         <run_address>0x4eb8</run_address>
         <size>0x177</size>
         <input_file_ref idref="fl-2d"/>
      </object_component>
      <object_component id="oc-1aa">
         <name>.debug_info</name>
         <load_address>0x502f</load_address>
         <run_address>0x502f</run_address>
         <size>0xe0</size>
         <input_file_ref idref="fl-33"/>
      </object_component>
      <object_component id="oc-1ad">
         <name>.debug_info</name>
         <load_address>0x510f</load_address>
         <run_address>0x510f</run_address>
         <size>0x2ac</size>
         <input_file_ref idref="fl-7"/>
      </object_component>
      <object_component id="oc-1b2">
         <name>.debug_info</name>
         <load_address>0x53bb</load_address>
         <run_address>0x53bb</run_address>
         <size>0x29c</size>
         <input_file_ref idref="fl-7"/>
      </object_component>
      <object_component id="oc-1bb">
         <name>.debug_info</name>
         <load_address>0x5657</load_address>
         <run_address>0x5657</run_address>
         <size>0x153</size>
         <input_file_ref idref="fl-4e"/>
      </object_component>
      <object_component id="oc-1c1">
         <name>.debug_info</name>
         <load_address>0x57aa</load_address>
         <run_address>0x57aa</run_address>
         <size>0xd0</size>
         <input_file_ref idref="fl-2"/>
      </object_component>
      <object_component id="oc-1cf">
         <name>.debug_info</name>
         <load_address>0x587a</load_address>
         <run_address>0x587a</run_address>
         <size>0x155</size>
         <input_file_ref idref="fl-4f"/>
      </object_component>
      <object_component id="oc-1d5">
         <name>.debug_info</name>
         <load_address>0x59cf</load_address>
         <run_address>0x59cf</run_address>
         <size>0x389</size>
         <input_file_ref idref="fl-2"/>
      </object_component>
      <object_component id="oc-1db">
         <name>.debug_info</name>
         <load_address>0x5d58</load_address>
         <run_address>0x5d58</run_address>
         <size>0x174</size>
         <input_file_ref idref="fl-6"/>
      </object_component>
      <object_component id="oc-1e0">
         <name>.debug_info</name>
         <load_address>0x5ecc</load_address>
         <run_address>0x5ecc</run_address>
         <size>0x175</size>
         <input_file_ref idref="fl-6"/>
      </object_component>
      <object_component id="oc-1e5">
         <name>.debug_info</name>
         <load_address>0x6041</load_address>
         <run_address>0x6041</run_address>
         <size>0x118</size>
         <input_file_ref idref="fl-4"/>
      </object_component>
      <object_component id="oc-1ea">
         <name>.debug_info</name>
         <load_address>0x6159</load_address>
         <run_address>0x6159</run_address>
         <size>0x150</size>
         <input_file_ref idref="fl-6"/>
      </object_component>
      <object_component id="oc-1f0">
         <name>.debug_info</name>
         <load_address>0x62a9</load_address>
         <run_address>0x62a9</run_address>
         <size>0x174</size>
         <input_file_ref idref="fl-6"/>
      </object_component>
      <object_component id="oc-1f5">
         <name>.debug_info</name>
         <load_address>0x641d</load_address>
         <run_address>0x641d</run_address>
         <size>0x175</size>
         <input_file_ref idref="fl-6"/>
      </object_component>
      <object_component id="oc-1fa">
         <name>.debug_info</name>
         <load_address>0x6592</load_address>
         <run_address>0x6592</run_address>
         <size>0x153</size>
         <input_file_ref idref="fl-6"/>
      </object_component>
      <object_component id="oc-200">
         <name>.debug_info</name>
         <load_address>0x66e5</load_address>
         <run_address>0x66e5</run_address>
         <size>0x177</size>
         <input_file_ref idref="fl-6"/>
      </object_component>
      <object_component id="oc-205">
         <name>.debug_info</name>
         <load_address>0x685c</load_address>
         <run_address>0x685c</run_address>
         <size>0x178</size>
         <input_file_ref idref="fl-6"/>
      </object_component>
      <object_component id="oc-20a">
         <name>.debug_info</name>
         <load_address>0x69d4</load_address>
         <run_address>0x69d4</run_address>
         <size>0x153</size>
         <input_file_ref idref="fl-6"/>
      </object_component>
      <object_component id="oc-210">
         <name>.debug_info</name>
         <load_address>0x6b27</load_address>
         <run_address>0x6b27</run_address>
         <size>0x177</size>
         <input_file_ref idref="fl-6"/>
      </object_component>
      <object_component id="oc-215">
         <name>.debug_info</name>
         <load_address>0x6c9e</load_address>
         <run_address>0x6c9e</run_address>
         <size>0x178</size>
         <input_file_ref idref="fl-6"/>
      </object_component>
      <object_component id="oc-21a">
         <name>.debug_info</name>
         <load_address>0x6e16</load_address>
         <run_address>0x6e16</run_address>
         <size>0x153</size>
         <input_file_ref idref="fl-6"/>
      </object_component>
      <object_component id="oc-220">
         <name>.debug_info</name>
         <load_address>0x6f69</load_address>
         <run_address>0x6f69</run_address>
         <size>0x177</size>
         <input_file_ref idref="fl-6"/>
      </object_component>
      <object_component id="oc-225">
         <name>.debug_info</name>
         <load_address>0x70e0</load_address>
         <run_address>0x70e0</run_address>
         <size>0x178</size>
         <input_file_ref idref="fl-6"/>
      </object_component>
      <object_component id="oc-22a">
         <name>.debug_info</name>
         <load_address>0x7258</load_address>
         <run_address>0x7258</run_address>
         <size>0x153</size>
         <input_file_ref idref="fl-6"/>
      </object_component>
      <object_component id="oc-230">
         <name>.debug_info</name>
         <load_address>0x73ab</load_address>
         <run_address>0x73ab</run_address>
         <size>0x177</size>
         <input_file_ref idref="fl-6"/>
      </object_component>
      <object_component id="oc-235">
         <name>.debug_info</name>
         <load_address>0x7522</load_address>
         <run_address>0x7522</run_address>
         <size>0x178</size>
         <input_file_ref idref="fl-6"/>
      </object_component>
      <object_component id="oc-23a">
         <name>.debug_info</name>
         <load_address>0x769a</load_address>
         <run_address>0x769a</run_address>
         <size>0x153</size>
         <input_file_ref idref="fl-6"/>
      </object_component>
      <object_component id="oc-240">
         <name>.debug_info</name>
         <load_address>0x77ed</load_address>
         <run_address>0x77ed</run_address>
         <size>0x3fd</size>
         <input_file_ref idref="fl-7"/>
      </object_component>
      <object_component id="oc-255">
         <name>.debug_info</name>
         <load_address>0x7bea</load_address>
         <run_address>0x7bea</run_address>
         <size>0x194</size>
         <input_file_ref idref="fl-2"/>
      </object_component>
      <object_component id="oc-25c">
         <name>.debug_info</name>
         <load_address>0x7d7e</load_address>
         <run_address>0x7d7e</run_address>
         <size>0x193</size>
         <input_file_ref idref="fl-31"/>
      </object_component>
      <object_component id="oc-260">
         <name>.debug_info</name>
         <load_address>0x7f11</load_address>
         <run_address>0x7f11</run_address>
         <size>0x105</size>
         <input_file_ref idref="fl-30"/>
      </object_component>
      <object_component id="oc-262">
         <name>.debug_info</name>
         <load_address>0x8016</load_address>
         <run_address>0x8016</run_address>
         <size>0x313</size>
         <input_file_ref idref="fl-54"/>
      </object_component>
      <object_component id="oc-267">
         <name>.debug_info</name>
         <load_address>0x8329</load_address>
         <run_address>0x8329</run_address>
         <size>0x142</size>
         <input_file_ref idref="fl-4a"/>
      </object_component>
      <object_component id="oc-268">
         <name>.debug_info</name>
         <load_address>0x846b</load_address>
         <run_address>0x846b</run_address>
         <size>0x94</size>
         <input_file_ref idref="fl-27"/>
      </object_component>
      <object_component id="oc-26e">
         <name>.debug_info</name>
         <load_address>0x84ff</load_address>
         <run_address>0x84ff</run_address>
         <size>0x267</size>
         <input_file_ref idref="fl-32"/>
      </object_component>
      <object_component id="oc-273">
         <name>.debug_info</name>
         <load_address>0x8766</load_address>
         <run_address>0x8766</run_address>
         <size>0x147</size>
         <input_file_ref idref="fl-27"/>
      </object_component>
      <object_component id="oc-275">
         <name>.debug_info</name>
         <load_address>0x88ad</load_address>
         <run_address>0x88ad</run_address>
         <size>0xd9</size>
         <input_file_ref idref="fl-48"/>
      </object_component>
      <object_component id="oc-279">
         <name>.debug_info</name>
         <load_address>0x8986</load_address>
         <run_address>0x8986</run_address>
         <size>0x105</size>
         <input_file_ref idref="fl-2d"/>
      </object_component>
      <object_component id="oc-27a">
         <name>.debug_info</name>
         <load_address>0x8a8b</load_address>
         <run_address>0x8a8b</run_address>
         <size>0xdb</size>
         <input_file_ref idref="fl-2d"/>
      </object_component>
      <object_component id="oc-281">
         <name>.debug_info</name>
         <load_address>0x8b66</load_address>
         <run_address>0x8b66</run_address>
         <size>0x1ff</size>
         <input_file_ref idref="fl-7"/>
      </object_component>
      <object_component id="oc-286">
         <name>.debug_info</name>
         <load_address>0x8d65</load_address>
         <run_address>0x8d65</run_address>
         <size>0x179</size>
         <input_file_ref idref="fl-7"/>
      </object_component>
      <object_component id="oc-28b">
         <name>.debug_info</name>
         <load_address>0x8ede</load_address>
         <run_address>0x8ede</run_address>
         <size>0x179</size>
         <input_file_ref idref="fl-7"/>
      </object_component>
      <object_component id="oc-290">
         <name>.debug_info</name>
         <load_address>0x9057</load_address>
         <run_address>0x9057</run_address>
[...]
      </symbol>
      <symbol id="sm-6a7">
         <name>set_fridge_high_freezer_low</name>
         <value>0x5b1c</value>
         <object_component_ref idref="oc-1ac"/>
      </symbol>
      <symbol id="sm-6a8">
         <name>set_fridge_both_low</name>
         <value>0x5c48</value>
         <object_component_ref idref="oc-2c1"/>
      </symbol>
      <symbol id="sm-6a9">
         <name>fridge_test</name>
         <value>0x683c</value>
         <object_component_ref idref="oc-2c6"/>
      </symbol>
      <symbol id="sm-6aa">
         <name>timer_event_handler</name>
         <value>0x60e4</value>
         <object_component_ref idref="oc-e5"/>
      </symbol>
      <symbol id="sm-6ab">
         <name>send_packet_header</name>
         <value>0x5e04</value>
         <object_component_ref idref="oc-280"/>
      </symbol>
      <symbol id="sm-6ac">
         <name>check_button</name>
         <value>0x65b4</value>
         <object_component_ref idref="oc-2cb"/>
      </symbol>
      <symbol id="sm-6ad">
         <name>fridge_comm_counter</name>
         <value>0x25b6</value>
         <object_component_ref idref="oc-116"/>
      </symbol>
      <symbol id="sm-6ae">
         <name>fridge_string</name>
         <value>0x648e</value>
         <object_component_ref idref="oc-3dd"/>
      </symbol>
      <symbol id="sm-6af">
         <name>control_freezer</name>
         <value>0x5766</value>
         <object_component_ref idref="oc-11d"/>
      </symbol>
      <symbol id="sm-6b0">
         <name>set_fridge_both_high</name>
         <value>0x5a32</value>
         <object_component_ref idref="oc-2bc"/>
      </symbol>
      <symbol id="sm-6b1">
         <name>set_fridge_both_off</name>
         <value>0x5ad0</value>
         <object_component_ref idref="oc-1b1"/>
      </symbol>
      <symbol id="sm-6b2">
         <name>onewire_test</name>
         <value>0x6346</value>
         <object_component_ref idref="oc-2b2"/>
      </symbol>
      <symbol id="sm-6b3">
         <name>polling_counter</name>
         <value>0x25b4</value>
         <object_component_ref idref="oc-116"/>
      </symbol>
      <symbol id="sm-6b4">
         <name>poll_and_send_temps</name>
         <value>0x58d6</value>
         <object_component_ref idref="oc-118"/>
      </symbol>
      <symbol id="sm-6b5">
         <name>blink1</name>
         <value>0x67de</value>
         <object_component_ref idref="oc-2d5"/>
      </symbol>
      <symbol id="sm-6b6">
         <name>blink2</name>
         <value>0x673a</value>
         <object_component_ref idref="oc-2d0"/>
      </symbol>
      <symbol id="sm-6b7">
         <name>send_temp_data_frame</name>
         <value>0x56cc</value>
         <object_component_ref idref="oc-18e"/>
      </symbol>
      <symbol id="sm-6b8">
         <name>send_fridge_state_frame</name>
         <value>0x5a82</value>
         <object_component_ref idref="oc-294"/>
      </symbol>
      <symbol id="sm-6b9">
         <name>temp0</name>
         <value>0x25a8</value>
         <object_component_ref idref="oc-116"/>
      </symbol>
      <symbol id="sm-6ba">
         <name>temp1</name>
         <value>0x25aa</value>
         <object_component_ref idref="oc-116"/>
      </symbol>
      <symbol id="sm-6bb">
         <name>temp2</name>
         <value>0x25ac</value>
         <object_component_ref idref="oc-116"/>
      </symbol>
      <symbol id="sm-6bc">
         <name>temp3</name>
         <value>0x25ae</value>
         <object_component_ref idref="oc-116"/>
      </symbol>
      <symbol id="sm-6bd">
         <name>temp4</name>
         <value>0x25b0</value>
         <object_component_ref idref="oc-116"/>
      </symbol>
      <symbol id="sm-6be">
         <name>temp5</name>
         <value>0x25b2</value>
         <object_component_ref idref="oc-116"/>
      </symbol>
      <symbol id="sm-6bf">
         <name>send_packet_footer</name>
         <value>0x66be</value>
         <object_component_ref idref="oc-28f"/>
      </symbol>
      <symbol id="sm-6c0">
         <name>set_fridge_low_freezer_high</name>
         <value>0x5b68</value>
         <object_component_ref idref="oc-2b7"/>
      </symbol>
      <symbol id="sm-6e6">
         <name>__mspabi_addd</name>
         <value>0x48c2</value>
         <object_component_ref idref="oc-19e"/>
      </symbol>
      <symbol id="sm-6f4">
         <name>_c_int00_noexit</name>
         <value>0x45a2</value>
         <object_component_ref idref="oc-72"/>
      </symbol>
      <symbol id="sm-6f5">
         <name>_c_int00</name>
         <value>0x45a2</value>
         <object_component_ref idref="oc-72"/>
      </symbol>
      <symbol id="sm-6f6">
         <name>_stack</name>
         <value>0x4360</value>
         <object_component_ref idref="oc-93"/>
      </symbol>
      <symbol id="sm-6f7">
         <name>_reset_vector</name>
         <value>0xfffe</value>
         <object_component_ref idref="oc-95"/>
      </symbol>
      <symbol id="sm-707">
         <name>__TI_decompress_none</name>
         <value>0x5dc8</value>
         <object_component_ref idref="oc-84"/>
      </symbol>
      <symbol id="sm-729">
         <name>__TI_decompress_rle24</name>
         <value>0x67ec</value>
         <object_component_ref idref="oc-8e"/>
      </symbol>
      <symbol id="sm-73b">
         <name>__TI_zero_init</name>
         <value>0x5cd0</value>
         <object_component_ref idref="oc-89"/>
      </symbol>
      <symbol id="sm-745">
         <name>__memcpy_far</name>
         <value>0x5c90</value>
         <object_component_ref idref="oc-be"/>
      </symbol>
      <symbol id="sm-75c">
         <name>__mspabi_cvtdf</name>
         <value>0x558c</value>
         <object_component_ref idref="oc-1a3"/>
      </symbol>
      <symbol id="sm-769">
         <name>__mspabi_remul</name>
         <value>0x5934</value>
         <object_component_ref idref="oc-15b"/>
      </symbol>
      <symbol id="sm-76a">
         <name>__mspabi_divul</name>
         <value>0x5934</value>
         <object_component_ref idref="oc-15b"/>
      </symbol>
      <symbol id="sm-773">
         <name>C$$EXIT</name>
         <value>0x6856</value>
         <object_component_ref idref="oc-b3"/>
      </symbol>
      <symbol id="sm-774">
         <name>abort</name>
         <value>0x6856</value>
         <object_component_ref idref="oc-b3"/>
      </symbol>
      <symbol id="sm-77f">
         <name>__mspabi_fltid</name>
         <value>0x6808</value>
         <object_component_ref idref="oc-194"/>
      </symbol>
      <symbol id="sm-796">
         <name>__mspabi_fltlid</name>
         <value>0x562c</value>
         <object_component_ref idref="oc-25a"/>
      </symbol>
      <symbol id="sm-7b6">
         <name>__TI_frcaddd</name>
         <value>0x4b9a</value>
         <object_component_ref idref="oc-26d"/>
      </symbol>
      <symbol id="sm-7c5">
         <name>__mspabi_cmpf</name>
         <value>0x5bb4</value>
         <object_component_ref idref="oc-1a8"/>
      </symbol>
      <symbol id="sm-7c8">
         <name>__TI_int41</name>
         <value>0xffd2</value>
         <object_component_ref idref="oc-69"/>
      </symbol>
      <symbol id="sm-7cb">
         <name>__TI_int42</name>
         <value>0xffd4</value>
         <object_component_ref idref="oc-6a"/>
      </symbol>
      <symbol id="sm-7ce">
         <name>__TI_int43</name>
         <value>0xffd6</value>
         <object_component_ref idref="oc-6b"/>
      </symbol>
      <symbol id="sm-7d1">
         <name>__TI_int44</name>
         <value>0xffd8</value>
         <object_component_ref idref="oc-6c"/>
      </symbol>
      <symbol id="sm-7d4">
         <name>__TI_int45</name>
         <value>0xffda</value>
         <object_component_ref idref="oc-6d"/>
      </symbol>
      <symbol id="sm-7d7">
         <name>__TI_int47</name>
         <value>0xffde</value>
         <object_component_ref idref="oc-6f"/>
      </symbol>
      <symbol id="sm-7da">
         <name>__TI_int48</name>
         <value>0xffe0</value>
         <object_component_ref idref="oc-70"/>
      </symbol>
      <symbol id="sm-7dd">
         <name>__TI_int50</name>
         <value>0xffe4</value>
         <object_component_ref idref="oc-77"/>
      </symbol>
      <symbol id="sm-7e0">
         <name>__TI_int51</name>
         <value>0xffe6</value>
         <object_component_ref idref="oc-78"/>
      </symbol>
      <symbol id="sm-7e3">
         <name>__TI_int52</name>
         <value>0xffe8</value>
         <object_component_ref idref="oc-79"/>
      </symbol>
      <symbol id="sm-7e6">
         <name>__TI_int53</name>
         <value>0xffea</value>
         <object_component_ref idref="oc-7a"/>
      </symbol>
      <symbol id="sm-7e9">
         <name>__TI_int54</name>
         <value>0xffec</value>
         <object_component_ref idref="oc-7b"/>
      </symbol>
      <symbol id="sm-7ec">
         <name>__TI_int55</name>
         <value>0xffee</value>
         <object_component_ref idref="oc-7c"/>
      </symbol>
      <symbol id="sm-7ef">
         <name>__TI_int57</name>
         <value>0xfff2</value>
         <object_component_ref idref="oc-7e"/>
      </symbol>
      <symbol id="sm-7f2">
         <name>__TI_int58</name>
         <value>0xfff4</value>
         <object_component_ref idref="oc-7f"/>
      </symbol>
      <symbol id="sm-7f5">
         <name>__TI_int59</name>
         <value>0xfff6</value>
         <object_component_ref idref="oc-80"/>
      </symbol>
      <symbol id="sm-7f8">
         <name>__TI_int60</name>
         <value>0xfff8</value>
         <object_component_ref idref="oc-81"/>
      </symbol>
      <symbol id="sm-7fb">
         <name>__TI_int61</name>
         <value>0xfffa</value>
         <object_component_ref idref="oc-82"/>
      </symbol>
      <symbol id="sm-7fe">
         <name>__TI_int62</name>
         <value>0xfffc</value>
         <object_component_ref idref="oc-83"/>
      </symbol>
      <symbol id="sm-805">
         <name>__TI_ISR_TRAP</name>
         <value>0x6846</value>
         <object_component_ref idref="oc-96"/>
      </symbol>
      <symbol id="sm-813">
         <name>__mspabi_slll_9</name>
         <value>0x5d64</value>
         <object_component_ref idref="oc-274"/>
      </symbol>
      <symbol id="sm-814">
         <name>__mspabi_slll_8</name>
         <value>0x5d68</value>
         <object_component_ref idref="oc-274"/>
      </symbol>
      <symbol id="sm-815">
         <name>__mspabi_slll_7</name>
         <value>0x5d6c</value>
         <object_component_ref idref="oc-274"/>
      </symbol>
      <symbol id="sm-816">
         <name>__mspabi_slll_6</name>
         <value>0x5d70</value>
         <object_component_ref idref="oc-274"/>
      </symbol>
      <symbol id="sm-817">
         <name>__mspabi_slll_5</name>
         <value>0x5d74</value>
         <object_component_ref idref="oc-274"/>
      </symbol>
      <symbol id="sm-818">
         <name>__mspabi_slll_4</name>
         <value>0x5d78</value>
         <object_component_ref idref="oc-274"/>
      </symbol>
      <symbol id="sm-819">
         <name>__mspabi_slll_3</name>
         <value>0x5d7c</value>
         <object_component_ref idref="oc-274"/>
      </symbol>
      <symbol id="sm-81a">
         <name>__mspabi_slll_2</name>
         <value>0x5d80</value>
         <object_component_ref idref="oc-274"/>
      </symbol>
      <symbol id="sm-81b">
         <name>__mspabi_slll_1</name>
         <value>0x5d84</value>
         <object_component_ref idref="oc-274"/>
      </symbol>
      <symbol id="sm-81c">
         <name>__mspabi_slll</name>
         <value>0x676a</value>
         <object_component_ref idref="oc-3a5"/>
      </symbol>
      <symbol id="sm-81d">
         <name>__mspabi_slll_15</name>
         <value>0x5d4c</value>
         <object_component_ref idref="oc-274"/>
      </symbol>
      <symbol id="sm-81e">
         <name>__mspabi_slll_14</name>
         <value>0x5d50</value>
         <object_component_ref idref="oc-274"/>
      </symbol>
      <symbol id="sm-81f">
         <name>__mspabi_slll_13</name>
         <value>0x5d54</value>
         <object_component_ref idref="oc-274"/>
      </symbol>
      <symbol id="sm-820">
         <name>__mspabi_slll_12</name>
         <value>0x5d58</value>
         <object_component_ref idref="oc-274"/>
      </symbol>
      <symbol id="sm-821">
         <name>__mspabi_slll_11</name>
         <value>0x5d5c</value>
         <object_component_ref idref="oc-274"/>
      </symbol>
      <symbol id="sm-822">
         <name>__mspabi_slll_10</name>
         <value>0x5d60</value>
         <object_component_ref idref="oc-274"/>
      </symbol>
      <symbol id="sm-830">
         <name>__mspabi_srll_8</name>
         <value>0x5da6</value>
         <object_component_ref idref="oc-391"/>
      </symbol>
      <symbol id="sm-831">
         <name>__mspabi_srll_9</name>
         <value>0x5da2</value>
         <object_component_ref idref="oc-391"/>
      </symbol>
      <symbol id="sm-832">
         <name>__mspabi_srll_6</name>
         <value>0x5dae</value>
         <object_component_ref idref="oc-391"/>
      </symbol>
      <symbol id="sm-833">
         <name>__mspabi_srll_7</name>
         <value>0x5daa</value>
         <object_component_ref idref="oc-391"/>
      </symbol>
      <symbol id="sm-834">
         <name>__mspabi_srll_4</name>
         <value>0x5db6</value>
         <object_component_ref idref="oc-391"/>
      </symbol>
      <symbol id="sm-835">
         <name>__mspabi_srll_5</name>
         <value>0x5db2</value>
         <object_component_ref idref="oc-391"/>
      </symbol>
      <symbol id="sm-836">
         <name>__mspabi_srll_2</name>
         <value>0x5dbe</value>
         <object_component_ref idref="oc-391"/>
      </symbol>
      <symbol id="sm-837">
         <name>__mspabi_srll_3</name>
         <value>0x5dba</value>
         <object_component_ref idref="oc-391"/>
      </symbol>
      <symbol id="sm-838">
         <name>__mspabi_srll_1</name>
         <value>0x5dc2</value>
         <object_component_ref idref="oc-391"/>
      </symbol>
      <symbol id="sm-839">
         <name>__mspabi_srll_15</name>
         <value>0x5d8a</value>
         <object_component_ref idref="oc-391"/>
      </symbol>
      <symbol id="sm-83a">
         <name>__mspabi_srll_14</name>
         <value>0x5d8e</value>
         <object_component_ref idref="oc-391"/>
      </symbol>
      <symbol id="sm-83b">
         <name>__mspabi_srll_13</name>
         <value>0x5d92</value>
         <object_component_ref idref="oc-391"/>
      </symbol>
      <symbol id="sm-83c">
         <name>__mspabi_srll_12</name>
         <value>0x5d96</value>
         <object_component_ref idref="oc-391"/>
      </symbol>
      <symbol id="sm-83d">
         <name>__mspabi_srll_11</name>
         <value>0x5d9a</value>
         <object_component_ref idref="oc-391"/>
      </symbol>
      <symbol id="sm-83e">
         <name>__mspabi_srll_10</name>
         <value>0x5d9e</value>
         <object_component_ref idref="oc-391"/>
      </symbol>
      <symbol id="sm-83f">
         <name>__mspabi_srll</name>
         <value>0x677a</value>
         <object_component_ref idref="oc-3a9"/>
      </symbol>
      <symbol id="sm-85f">
         <name>__mspabi_mpyd</name>
         <value>0x4dfa</value>
         <object_component_ref idref="oc-199"/>
      </symbol>
      <symbol id="sm-867">
         <name>_system_pre_init</name>
         <value>0x6852</value>
         <object_component_ref idref="oc-a4"/>
      </symbol>
      <symbol id="sm-87a">
         <name>__TI_renormd</name>
         <value>0x54d8</value>
         <object_component_ref idref="oc-3b1"/>
      </symbol>
      <symbol id="sm-887">
         <name>strcmp</name>
         <value>0x6690</value>
         <object_component_ref idref="oc-2ad"/>
      </symbol>
      <symbol id="sm-893">
         <name>strlen</name>
         <value>0x67fa</value>
         <object_component_ref idref="oc-1ba"/>
      </symbol>
      <symbol id="sm-8a7">
         <name>strtok</name>
         <value>0x5bfe</value>
         <object_component_ref idref="oc-1cd"/>
      </symbol>
      <symbol id="sm-8b7">
         <name>__mspabi_sral</name>
         <value>0x675a</value>
         <object_component_ref idref="oc-3ad"/>
      </symbol>
      <symbol id="sm-8b8">
         <name>__mspabi_sral_15</name>
         <value>0x5d0e</value>
         <object_component_ref idref="oc-39d"/>
      </symbol>
      <symbol id="sm-8b9">
         <name>__mspabi_sral_14</name>
         <value>0x5d12</value>
         <object_component_ref idref="oc-39d"/>
      </symbol>
      <symbol id="sm-8ba">
         <name>__mspabi_sral_13</name>
         <value>0x5d16</value>
         <object_component_ref idref="oc-39d"/>
      </symbol>
      <symbol id="sm-8bb">
         <name>__mspabi_sral_12</name>
         <value>0x5d1a</value>
         <object_component_ref idref="oc-39d"/>
      </symbol>
      <symbol id="sm-8bc">
         <name>__mspabi_sral_11</name>
         <value>0x5d1e</value>
         <object_component_ref idref="oc-39d"/>
      </symbol>
      <symbol id="sm-8bd">
         <name>__mspabi_sral_10</name>
         <value>0x5d22</value>
         <object_component_ref idref="oc-39d"/>
      </symbol>
      <symbol id="sm-8be">
         <name>__mspabi_sral_8</name>
         <value>0x5d2a</value>
         <object_component_ref idref="oc-39d"/>
      </symbol>
      <symbol id="sm-8bf">
         <name>__mspabi_sral_9</name>
         <value>0x5d26</value>
         <object_component_ref idref="oc-39d"/>
      </symbol>
      <symbol id="sm-8c0">
         <name>__mspabi_sral_6</name>
         <value>0x5d32</value>
         <object_component_ref idref="oc-39d"/>
      </symbol>
      <symbol id="sm-8c1">
         <name>__mspabi_sral_7</name>
         <value>0x5d2e</value>
         <object_component_ref idref="oc-39d"/>
      </symbol>
      <symbol id="sm-8c2">
         <name>__mspabi_sral_4</name>
         <value>0x5d3a</value>
         <object_component_ref idref="oc-39d"/>
      </symbol>
      <symbol id="sm-8c3">
         <name>__mspabi_sral_5</name>
         <value>0x5d36</value>
         <object_component_ref idref="oc-39d"/>
      </symbol>
      <symbol id="sm-8c4">
         <name>__mspabi_sral_2</name>
         <value>0x5d42</value>
         <object_component_ref idref="oc-39d"/>
      </symbol>
      <symbol id="sm-8c5">
         <name>__mspabi_sral_3</name>
         <value>0x5d3e</value>
         <object_component_ref idref="oc-39d"/>
      </symbol>
      <symbol id="sm-8c6">
         <name>__mspabi_sral_1</name>
         <value>0x5d46</value>
         <object_component_ref idref="oc-39d"/>
      </symbol>
      <symbol id="sm-8db">
         <name>_auto_init</name>
         <value>0x57fa</value>
         <object_component_ref idref="oc-a9"/>
      </symbol>
      <symbol id="sm-8eb">
         <name>__TI_frcmpyd</name>
         <value>0x45e8</value>
         <object_component_ref idref="oc-261"/>
      </symbol>
      <symbol id="sm-8f2">
         <name>__mspabi_mpyl_f5hw</name>
         <value>0x64d2</value>
         <object_component_ref idref="oc-399"/>
      </symbol>
      <symbol id="sm-901">
         <name>strcspn</name>
         <value>0x636c</value>
         <object_component_ref idref="oc-2a6"/>
      </symbol>
      <symbol id="sm-912">
         <name>strspn</name>
         <value>0x631e</value>
         <object_component_ref idref="oc-2a1"/>
      </symbol>
      <symbol id="sm-913">
         <name>__TI_exit</name>
         <value>0x1</value>
      </symbol>
      <symbol id="sm-914">
         <name>__TI_args_main</name>
         <value>0x1</value>
      </symbol>
      <symbol id="sm-915">
         <name>__TI_INITARRAY_Base</name>
         <value>0x0</value>
      </symbol>
      <symbol id="sm-916">
         <name>__TI_INITARRAY_Limit</name>
         <value>0x0</value>
      </symbol>
   </symbol_table>
   <title>Link successful</title>
</link_info>
