<?xml version="1.0"?>
<link_info>
   <banner>MSP430 Linker PC v4.2.1</banner>
   <copyright>Copyright (c) 2003-2013 Texas Instruments Incorporated</copyright>
   <link_time>0x53351824</link_time>
   <link_errors>0x0</link_errors>
   <output_file>boozerator_primary_controller.out</output_file>
   <entry_point>
      <name>_c_int00</name>
      <address>0x45b2</address>
   </entry_point>
   <input_file_list>
      <input_file id="fl-2">
         <path>.\</path>
         <kind>object</kind>
         <file>tshell.obj</file>
         <name>tshell.obj</name>
      </input_file>
      <input_file id="fl-3">
         <path>.\</path>
         <kind>object</kind>
         <file>main.obj</file>
         <name>main.obj</name>
      </input_file>
      <input_file id="fl-4">
         <path>.\</path>
         <kind>object</kind>
         <file>ishan.obj</file>
         <name>ishan.obj</name>
      </input_file>
      <input_file id="fl-5">
         <path>.\</path>
         <kind>object</kind>
         <file>fifo.obj</file>
         <name>fifo.obj</name>
      </input_file>
      <input_file id="fl-6">
         <path>.\</path>
         <kind>object</kind>
         <file>ds18x20.obj</file>
         <name>ds18x20.obj</name>
      </input_file>
      <input_file id="fl-7">
         <path>.\</path>
         <kind>object</kind>
         <file>boozerator_primary_controller.obj</file>
         <name>boozerator_primary_controller.obj</name>
      </input_file>
      <input_file id="fl-27">
         <path>C:\ti\ccsv5\tools\compiler\msp430_4.2.1\lib\</path>
         <kind>archive</kind>
         <file>rts430x_lc_sd_eabi.lib</file>
         <name>addd.obj</name>
      </input_file>
      <input_file id="fl-28">
         <path>C:\ti\ccsv5\tools\compiler\msp430_4.2.1\lib\</path>
         <kind>archive</kind>
         <file>rts430x_lc_sd_eabi.lib</file>
         <name>boot.obj</name>
      </input_file>
      <input_file id="fl-29">
         <path>C:\ti\ccsv5\tools\compiler\msp430_4.2.1\lib\</path>
         <kind>archive</kind>
         <file>rts430x_lc_sd_eabi.lib</file>
         <name>copy_decompress_none.obj</name>
      </input_file>
      <input_file id="fl-2a">
         <path>C:\ti\ccsv5\tools\compiler\msp430_4.2.1\lib\</path>
         <kind>archive</kind>
         <file>rts430x_lc_sd_eabi.lib</file>
         <name>copy_decompress_rle.obj</name>
      </input_file>
      <input_file id="fl-2b">
         <path>C:\ti\ccsv5\tools\compiler\msp430_4.2.1\lib\</path>
         <kind>archive</kind>
         <file>rts430x_lc_sd_eabi.lib</file>
         <name>copy_zero_init.obj</name>
      </input_file>
      <input_file id="fl-2c">
         <path>C:\ti\ccsv5\tools\compiler\msp430_4.2.1\lib\</path>
         <kind>archive</kind>
         <file>rts430x_lc_sd_eabi.lib</file>
         <name>cpy_util.obj</name>
      </input_file>
      <input_file id="fl-2d">
         <path>C:\ti\ccsv5\tools\compiler\msp430_4.2.1\lib\</path>
         <kind>archive</kind>
         <file>rts430x_lc_sd_eabi.lib</file>
         <name>cvtdf.obj</name>
      </input_file>
      <input_file id="fl-2e">
         <path>C:\ti\ccsv5\tools\compiler\msp430_4.2.1\lib\</path>
         <kind>archive</kind>
         <file>rts430x_lc_sd_eabi.lib</file>
         <name>div32u.obj</name>
      </input_file>
      <input_file id="fl-2f">
         <path>C:\ti\ccsv5\tools\compiler\msp430_4.2.1\lib\</path>
         <kind>archive</kind>
         <file>rts430x_lc_sd_eabi.lib</file>
         <name>exit.obj</name>
      </input_file>
      <input_file id="fl-30">
         <path>C:\ti\ccsv5\tools\compiler\msp430_4.2.1\lib\</path>
         <kind>archive</kind>
         <file>rts430x_lc_sd_eabi.lib</file>
         <name>fltid.obj</name>
      </input_file>
      <input_file id="fl-31">
         <path>C:\ti\ccsv5\tools\compiler\msp430_4.2.1\lib\</path>
         <kind>archive</kind>
         <file>rts430x_lc_sd_eabi.lib</file>
         <name>fltlid.obj</name>
      </input_file>
      <input_file id="fl-32">
         <path>C:\ti\ccsv5\tools\compiler\msp430_4.2.1\lib\</path>
         <kind>archive</kind>
         <file>rts430x_lc_sd_eabi.lib</file>
         <name>frcaddd.obj</name>
      </input_file>
      <input_file id="fl-33">
         <path>C:\ti\ccsv5\tools\compiler\msp430_4.2.1\lib\</path>
         <kind>archive</kind>
         <file>rts430x_lc_sd_eabi.lib</file>
         <name>fs_cmp.obj</name>
      </input_file>
      <input_file id="fl-34">
         <path>C:\ti\ccsv5\tools\compiler\msp430_4.2.1\lib\</path>
         <kind>archive</kind>
         <file>rts430x_lc_sd_eabi.lib</file>
         <name>int41.obj</name>
      </input_file>
      <input_file id="fl-35">
         <path>C:\ti\ccsv5\tools\compiler\msp430_4.2.1\lib\</path>
         <kind>archive</kind>
         <file>rts430x_lc_sd_eabi.lib</file>
         <name>int42.obj</name>
      </input_file>
      <input_file id="fl-36">
         <path>C:\ti\ccsv5\tools\compiler\msp430_4.2.1\lib\</path>
         <kind>archive</kind>
         <file>rts430x_lc_sd_eabi.lib</file>
         <name>int43.obj</name>
      </input_file>
      <input_file id="fl-37">
         <path>C:\ti\ccsv5\tools\compiler\msp430_4.2.1\lib\</path>
         <kind>archive</kind>
         <file>rts430x_lc_sd_eabi.lib</file>
         <name>int44.obj</name>
      </input_file>
      <input_file id="fl-38">
         <path>C:\ti\ccsv5\tools\compiler\msp430_4.2.1\lib\</path>
         <kind>archive</kind>
         <file>rts430x_lc_sd_eabi.lib</file>
         <name>int45.obj</name>
      </input_file>
      <input_file id="fl-39">
         <path>C:\ti\ccsv5\tools\compiler\msp430_4.2.1\lib\</path>
         <kind>archive</kind>
         <file>rts430x_lc_sd_eabi.lib</file>
         <name>int47.obj</name>
      </input_file>
      <input_file id="fl-3a">
         <path>C:\ti\ccsv5\tools\compiler\msp430_4.2.1\lib\</path>
         <kind>archive</kind>
         <file>rts430x_lc_sd_eabi.lib</file>
         <name>int48.obj</name>
      </input_file>
      <input_file id="fl-3b">
         <path>C:\ti\ccsv5\tools\compiler\msp430_4.2.1\lib\</path>
         <kind>archive</kind>
         <file>rts430x_lc_sd_eabi.lib</file>
         <name>int50.obj</name>
      </input_file>
      <input_file id="fl-3c">
         <path>C:\ti\ccsv5\tools\compiler\msp430_4.2.1\lib\</path>
         <kind>archive</kind>
         <file>rts430x_lc_sd_eabi.lib</file>
         <name>int51.obj</name>
      </input_file>
      <input_file id="fl-3d">
         <path>C:\ti\ccsv5\tools\compiler\msp430_4.2.1\lib\</path>
         <kind>archive</kind>
         <file>rts430x_lc_sd_eabi.lib</file>
         <name>int52.obj</name>
      </input_file>
      <input_file id="fl-3e">
         <path>C:\ti\ccsv5\tools\compiler\msp430_4.2.1\lib\</path>
         <kind>archive</kind>
         <file>rts430x_lc_sd_eabi.lib</file>
         <name>int53.obj</name>
      </input_file>
      <input_file id="fl-3f">
         <path>C:\ti\ccsv5\tools\compiler\msp430_4.2.1\lib\</path>
         <kind>archive</kind>
         <file>rts430x_lc_sd_eabi.lib</file>
         <name>int54.obj</name>
      </input_file>
      <input_file id="fl-40">
         <path>C:\ti\ccsv5\tools\compiler\msp430_4.2.1\lib\</path>
         <kind>archive</kind>
         <file>rts430x_lc_sd_eabi.lib</file>
         <name>int55.obj</name>
      </input_file>
      <input_file id="fl-41">
         <path>C:\ti\ccsv5\tools\compiler\msp430_4.2.1\lib\</path>
         <kind>archive</kind>
         <file>rts430x_lc_sd_eabi.lib</file>
         <name>int57.obj</name>
      </input_file>
      <input_file id="fl-42">
         <path>C:\ti\ccsv5\tools\compiler\msp430_4.2.1\lib\</path>
         <kind>archive</kind>
         <file>rts430x_lc_sd_eabi.lib</file>
         <name>int58.obj</name>
      </input_file>
      <input_file id="fl-43">
         <path>C:\ti\ccsv5\tools\compiler\msp430_4.2.1\lib\</path>
         <kind>archive</kind>
         <file>rts430x_lc_sd_eabi.lib</file>
         <name>int59.obj</name>
      </input_file>
      <input_file id="fl-44">
         <path>C:\ti\ccsv5\tools\compiler\msp430_4.2.1\lib\</path>
         <kind>archive</kind>
         <file>rts430x_lc_sd_eabi.lib</file>
         <name>int60.obj</name>
      </input_file>
      <input_file id="fl-45">
         <path>C:\ti\ccsv5\tools\compiler\msp430_4.2.1\lib\</path>
         <kind>archive</kind>
         <file>rts430x_lc_sd_eabi.lib</file>
         <name>int61.obj</name>
      </input_file>
      <input_file id="fl-46">
         <path>C:\ti\ccsv5\tools\compiler\msp430_4.2.1\lib\</path>
         <kind>archive</kind>
         <file>rts430x_lc_sd_eabi.lib</file>
         <name>int62.obj</name>
      </input_file>
      <input_file id="fl-47">
         <path>C:\ti\ccsv5\tools\compiler\msp430_4.2.1\lib\</path>
         <kind>archive</kind>
         <file>rts430x_lc_sd_eabi.lib</file>
         <name>isr_trap.obj</name>
      </input_file>
      <input_file id="fl-48">
         <path>C:\ti\ccsv5\tools\compiler\msp430_4.2.1\lib\</path>
         <kind>archive</kind>
         <file>rts430x_lc_sd_eabi.lib</file>
         <name>lsl32.obj</name>
      </input_file>
      <input_file id="fl-49">
         <path>C:\ti\ccsv5\tools\compiler\msp430_4.2.1\lib\</path>
         <kind>archive</kind>
         <file>rts430x_lc_sd_eabi.lib</file>
         <name>lsr32.obj</name>
      </input_file>
      <input_file id="fl-4a">
         <path>C:\ti\ccsv5\tools\compiler\msp430_4.2.1\lib\</path>
         <kind>archive</kind>
         <file>rts430x_lc_sd_eabi.lib</file>
         <name>mpyd.obj</name>
      </input_file>
      <input_file id="fl-4b">
         <path>C:\ti\ccsv5\tools\compiler\msp430_4.2.1\lib\</path>
         <kind>archive</kind>
         <file>rts430x_lc_sd_eabi.lib</file>
         <name>pre_init.obj</name>
      </input_file>
      <input_file id="fl-4c">
         <path>C:\ti\ccsv5\tools\compiler\msp430_4.2.1\lib\</path>
         <kind>archive</kind>
         <file>rts430x_lc_sd_eabi.lib</file>
         <name>renormd.obj</name>
      </input_file>
      <input_file id="fl-4d">
         <path>C:\ti\ccsv5\tools\compiler\msp430_4.2.1\lib\</path>
         <kind>archive</kind>
         <file>rts430x_lc_sd_eabi.lib</file>
         <name>strcmp.obj</name>
      </input_file>
      <input_file id="fl-4e">
         <path>C:\ti\ccsv5\tools\compiler\msp430_4.2.1\lib\</path>
         <kind>archive</kind>
         <file>rts430x_lc_sd_eabi.lib</file>
         <name>strlen.obj</name>
      </input_file>
      <input_file id="fl-4f">
         <path>C:\ti\ccsv5\tools\compiler\msp430_4.2.1\lib\</path>
         <kind>archive</kind>
         <file>rts430x_lc_sd_eabi.lib</file>
         <name>strtok.obj</name>
      </input_file>
      <input_file id="fl-50">
         <path>C:\ti\ccsv5\tools\compiler\msp430_4.2.1\lib\</path>
         <kind>archive</kind>
         <file>rts430x_lc_sd_eabi.lib</file>
         <name>_lock.obj</name>
      </input_file>
      <input_file id="fl-51">
         <path>C:\ti\ccsv5\tools\compiler\msp430_4.2.1\lib\</path>
         <kind>archive</kind>
         <file>rts430x_lc_sd_eabi.lib</file>
         <name>args_main.obj</name>
      </input_file>
      <input_file id="fl-52">
         <path>C:\ti\ccsv5\tools\compiler\msp430_4.2.1\lib\</path>
         <kind>archive</kind>
         <file>rts430x_lc_sd_eabi.lib</file>
         <name>asr32.obj</name>
      </input_file>
      <input_file id="fl-53">
         <path>C:\ti\ccsv5\tools\compiler\msp430_4.2.1\lib\</path>
         <kind>archive</kind>
         <file>rts430x_lc_sd_eabi.lib</file>
         <name>autoinit.obj</name>
      </input_file>
      <input_file id="fl-54">
         <path>C:\ti\ccsv5\tools\compiler\msp430_4.2.1\lib\</path>
         <kind>archive</kind>
         <file>rts430x_lc_sd_eabi.lib</file>
         <name>frcmpyd.obj</name>
      </input_file>
      <input_file id="fl-55">
         <path>C:\ti\ccsv5\tools\compiler\msp430_4.2.1\lib\</path>
         <kind>archive</kind>
         <file>rts430x_lc_sd_eabi.lib</file>
         <name>mult32_f5hw.obj</name>
      </input_file>
      <input_file id="fl-56">
         <path>C:\ti\ccsv5\tools\compiler\msp430_4.2.1\lib\</path>
         <kind>archive</kind>
         <file>rts430x_lc_sd_eabi.lib</file>
         <name>strcspn.obj</name>
      </input_file>
      <input_file id="fl-57">
         <path>C:\ti\ccsv5\tools\compiler\msp430_4.2.1\lib\</path>
         <kind>archive</kind>
         <file>rts430x_lc_sd_eabi.lib</file>
         <name>strspn.obj</name>
      </input_file>
   </input_file_list>
   <object_component_list>
      <object_component id="oc-93">
         <name>.stack</name>
         <uninitialized>true</uninitialized>
         <run_address>0x4360</run_address>
         <size>0x2</size>
         <input_file_ref idref="fl-28"/>
      </object_component>
      <object_component id="oc-499">
         <name>.stack</name>
         <uninitialized>true</uninitialized>
         <run_address>0x4360</run_address>
         <size>0x0</size>
      </object_component>
      <object_component id="oc-281">
         <name>.text:__TI_frcmpyd</name>
         <load_address>0x45f8</load_address>
         <run_address>0x45f8</run_address>
         <size>0x2da</size>
         <input_file_ref idref="fl-54"/>
      </object_component>
      <object_component id="oc-1a8">
         <name>.text:__mspabi_addd</name>
         <load_address>0x48d2</load_address>
         <run_address>0x48d2</run_address>
         <size>0x2d8</size>
         <input_file_ref idref="fl-27"/>
      </object_component>
      <object_component id="oc-28d">
         <name>.text:__TI_frcaddd</name>
         <load_address>0x4baa</load_address>
         <run_address>0x4baa</run_address>
         <size>0x260</size>
         <input_file_ref idref="fl-32"/>
      </object_component>
      <object_component id="oc-1a3">
         <name>.text:__mspabi_mpyd</name>
         <load_address>0x4e0a</load_address>
         <run_address>0x4e0a</run_address>
         <size>0x244</size>
         <input_file_ref idref="fl-4a"/>
      </object_component>
      <object_component id="oc-1fa">
         <name>.text:function_handler</name>
         <load_address>0x504e</load_address>
         <run_address>0x504e</run_address>
         <size>0x188</size>
         <input_file_ref idref="fl-2"/>
      </object_component>
      <object_component id="oc-ae">
         <name>.text:main</name>
         <load_address>0x51d6</load_address>
         <run_address>0x51d6</run_address>
         <size>0xf2</size>
         <input_file_ref idref="fl-3"/>
      </object_component>
      <object_component id="oc-d0">
         <name>.text:__TI_decompress_rle_core</name>
         <load_address>0x52c8</load_address>
         <run_address>0x52c8</run_address>
         <size>0xd8</size>
         <input_file_ref idref="fl-2a"/>
      </object_component>
      <object_component id="oc-100">
         <name>.text:process_char</name>
         <load_address>0x53a0</load_address>
         <run_address>0x53a0</run_address>
         <size>0xc6</size>
         <input_file_ref idref="fl-2"/>
      </object_component>
      <object_component id="oc-ee">
         <name>.text:init_tShell</name>
         <load_address>0x5466</load_address>
         <run_address>0x5466</run_address>
         <size>0xb6</size>
         <input_file_ref idref="fl-2"/>
      </object_component>
      <object_component id="oc-3ce">
         <name>.text:__TI_renormd</name>
         <load_address>0x551c</load_address>
         <run_address>0x551c</run_address>
         <size>0xb4</size>
         <input_file_ref idref="fl-4c"/>
      </object_component>
      <object_component id="oc-1ad">
         <name>.text:__mspabi_cvtdf</name>
         <load_address>0x55d0</load_address>
         <run_address>0x55d0</run_address>
         <size>0xa0</size>
         <input_file_ref idref="fl-2d"/>
      </object_component>
      <object_component id="oc-27a">
         <name>.text:__mspabi_fltlid</name>
         <load_address>0x5670</load_address>
         <run_address>0x5670</run_address>
         <size>0xa0</size>
         <input_file_ref idref="fl-31"/>
      </object_component>
      <object_component id="oc-198">
         <name>.text:send_temp_data_frame</name>
         <load_address>0x5710</load_address>
         <run_address>0x5710</run_address>
         <size>0x9a</size>
         <input_file_ref idref="fl-7"/>
      </object_component>
      <object_component id="oc-11d">
         <name>.text:control_freezer</name>
         <load_address>0x57aa</load_address>
         <run_address>0x57aa</run_address>
         <size>0x98</size>
         <input_file_ref idref="fl-7"/>
      </object_component>
      <object_component id="oc-122">
         <name>.text:control_fridge</name>
         <load_address>0x5842</load_address>
         <run_address>0x5842</run_address>
         <size>0x8c</size>
         <input_file_ref idref="fl-7"/>
      </object_component>
      <object_component id="oc-a9">
         <name>.text:_auto_init</name>
         <load_address>0x58ce</load_address>
         <run_address>0x58ce</run_address>
         <size>0x70</size>
         <input_file_ref idref="fl-53"/>
      </object_component>
      <object_component id="oc-16e">
         <name>.text:scan_buf</name>
         <load_address>0x593e</load_address>
         <run_address>0x593e</run_address>
         <size>0x6c</size>
         <input_file_ref idref="fl-2"/>
      </object_component>
      <object_component id="oc-118">
         <name>.text:poll_and_send_temps</name>
         <load_address>0x59aa</load_address>
         <run_address>0x59aa</run_address>
         <size>0x5e</size>
         <input_file_ref idref="fl-7"/>
      </object_component>
      <object_component id="oc-165">
         <name>.text</name>
         <load_address>0x5a08</load_address>
         <run_address>0x5a08</run_address>
         <size>0x58</size>
         <input_file_ref idref="fl-2e"/>
      </object_component>
      <object_component id="oc-108">
         <name>.text:fifo_put</name>
         <load_address>0x5a60</load_address>
         <run_address>0x5a60</run_address>
         <size>0x54</size>
         <input_file_ref idref="fl-5"/>
      </object_component>
      <object_component id="oc-fb">
         <name>.text:fifo_get</name>
         <load_address>0x5ab4</load_address>
         <run_address>0x5ab4</run_address>
         <size>0x52</size>
         <input_file_ref idref="fl-5"/>
      </object_component>
      <object_component id="oc-127">
         <name>.text:send_fridge_state_frame</name>
         <load_address>0x5b06</load_address>
         <run_address>0x5b06</run_address>
         <size>0x4e</size>
         <input_file_ref idref="fl-7"/>
      </object_component>
      <object_component id="oc-1b2">
         <name>.text</name>
         <load_address>0x5b54</load_address>
         <run_address>0x5b54</run_address>
         <size>0x4a</size>
         <input_file_ref idref="fl-33"/>
      </object_component>
      <object_component id="oc-1f3">
         <name>.text:strtok</name>
         <load_address>0x5b9e</load_address>
         <run_address>0x5b9e</run_address>
         <size>0x4a</size>
         <input_file_ref idref="fl-4f"/>
      </object_component>
      <object_component id="oc-2dc">
         <name>.text:set_fridge_both_high</name>
         <load_address>0x5be8</load_address>
         <run_address>0x5be8</run_address>
         <size>0x44</size>
         <input_file_ref idref="fl-7"/>
      </object_component>
      <object_component id="oc-1b6">
         <name>.text:set_fridge_both_off</name>
         <load_address>0x5c2c</load_address>
         <run_address>0x5c2c</run_address>
         <size>0x44</size>
         <input_file_ref idref="fl-7"/>
      </object_component>
      <object_component id="oc-1bb">
         <name>.text:set_fridge_high_freezer_low</name>
         <load_address>0x5c70</load_address>
         <run_address>0x5c70</run_address>
         <size>0x42</size>
         <input_file_ref idref="fl-7"/>
      </object_component>
      <object_component id="oc-2d7">
         <name>.text:set_fridge_low_freezer_high</name>
         <load_address>0x5cb2</load_address>
         <run_address>0x5cb2</run_address>
         <size>0x42</size>
         <input_file_ref idref="fl-7"/>
      </object_component>
      <object_component id="oc-be">
         <name>.text:__memcpy_far</name>
         <load_address>0x5cf4</load_address>
         <run_address>0x5cf4</run_address>
         <size>0x40</size>
         <input_file_ref idref="fl-2c"/>
      </object_component>
      <object_component id="oc-2e1">
         <name>.text:set_fridge_both_low</name>
         <load_address>0x5d34</load_address>
         <run_address>0x5d34</run_address>
         <size>0x40</size>
         <input_file_ref idref="fl-7"/>
      </object_component>
      <object_component id="oc-89">
         <name>.text:decompress:ZI:__TI_zero_init</name>
         <load_address>0x5d74</load_address>
         <run_address>0x5d74</run_address>
         <size>0x3e</size>
         <input_file_ref idref="fl-2b"/>
      </object_component>
      <object_component id="oc-3ba">
         <name>.text:l_asr_const</name>
         <load_address>0x5db2</load_address>
         <run_address>0x5db2</run_address>
         <size>0x3e</size>
         <input_file_ref idref="fl-52"/>
      </object_component>
      <object_component id="oc-294">
         <name>.text:l_lsl_const</name>
         <load_address>0x5df0</load_address>
         <run_address>0x5df0</run_address>
         <size>0x3e</size>
         <input_file_ref idref="fl-48"/>
      </object_component>
      <object_component id="oc-3ae">
         <name>.text:l_lsr_const</name>
         <load_address>0x5e2e</load_address>
         <run_address>0x5e2e</run_address>
         <size>0x3e</size>
         <input_file_ref idref="fl-49"/>
      </object_component>
      <object_component id="oc-84">
         <name>.text:decompress:none:__TI_decompress_none</name>
         <load_address>0x5e6c</load_address>
         <run_address>0x5e6c</run_address>
         <size>0x3c</size>
         <input_file_ref idref="fl-29"/>
      </object_component>
      <object_component id="oc-e5">
         <name>.text:timer_event_handler</name>
         <load_address>0x5ea8</load_address>
         <run_address>0x5ea8</run_address>
         <size>0x3c</size>
         <input_file_ref idref="fl-7"/>
      </object_component>
      <object_component id="oc-2a0">
         <name>.text:send_packet_header</name>
         <load_address>0x5ee4</load_address>
         <run_address>0x5ee4</run_address>
         <size>0x38</size>
         <input_file_ref idref="fl-7"/>
      </object_component>
      <object_component id="oc-17a">
         <name>.text:GetData_TEMP0</name>
         <load_address>0x5f1c</load_address>
         <run_address>0x5f1c</run_address>
         <size>0x36</size>
         <input_file_ref idref="fl-6"/>
      </object_component>
      <object_component id="oc-17f">
         <name>.text:GetData_TEMP1</name>
         <load_address>0x5f52</load_address>
         <run_address>0x5f52</run_address>
         <size>0x36</size>
         <input_file_ref idref="fl-6"/>
      </object_component>
      <object_component id="oc-184">
         <name>.text:GetData_TEMP2</name>
         <load_address>0x5f88</load_address>
         <run_address>0x5f88</run_address>
         <size>0x36</size>
         <input_file_ref idref="fl-6"/>
      </object_component>
      <object_component id="oc-189">
         <name>.text:GetData_TEMP3</name>
         <load_address>0x5fbe</load_address>
         <run_address>0x5fbe</run_address>
         <size>0x36</size>
         <input_file_ref idref="fl-6"/>
      </object_component>
      <object_component id="oc-18e">
         <name>.text:GetData_TEMP4</name>
         <load_address>0x5ff4</load_address>
         <run_address>0x5ff4</run_address>
         <size>0x36</size>
         <input_file_ref idref="fl-6"/>
      </object_component>
      <object_component id="oc-193">
         <name>.text:GetData_TEMP5</name>
         <load_address>0x602a</load_address>
         <run_address>0x602a</run_address>
         <size>0x36</size>
         <input_file_ref idref="fl-6"/>
      </object_component>
      <object_component id="oc-31c">
         <name>.text:ReadBit_TEMP0</name>
         <load_address>0x6060</load_address>
         <run_address>0x6060</run_address>
         <size>0x34</size>
         <input_file_ref idref="fl-6"/>
      </object_component>
      <object_component id="oc-3a8">
         <name>.text:ReadBit_TEMP5</name>
         <load_address>0x6094</load_address>
         <run_address>0x6094</run_address>
         <size>0x34</size>
         <input_file_ref idref="fl-6"/>
      </object_component>
      <object_component id="oc-14c">
         <name>.text:print_prompt</name>
         <load_address>0x60c8</load_address>
         <run_address>0x60c8</run_address>
         <size>0x34</size>
         <input_file_ref idref="fl-2"/>
      </object_component>
      <object_component id="oc-338">
         <name>.text:ReadBit_TEMP1</name>
         <load_address>0x60fc</load_address>
         <run_address>0x60fc</run_address>
         <size>0x32</size>
         <input_file_ref idref="fl-6"/>
      </object_component>
      <object_component id="oc-354">
         <name>.text:ReadBit_TEMP2</name>
         <load_address>0x612e</load_address>
         <run_address>0x612e</run_address>
         <size>0x32</size>
         <input_file_ref idref="fl-6"/>
      </object_component>
      <object_component id="oc-370">
         <name>.text:ReadBit_TEMP3</name>
         <load_address>0x6160</load_address>
         <run_address>0x6160</run_address>
         <size>0x32</size>
         <input_file_ref idref="fl-6"/>
      </object_component>
      <object_component id="oc-38c">
         <name>.text:ReadBit_TEMP4</name>
         <load_address>0x6192</load_address>
         <run_address>0x6192</run_address>
         <size>0x32</size>
         <input_file_ref idref="fl-6"/>
      </object_component>
      <object_component id="oc-200">
         <name>.text:Reset_TEMP0</name>
         <load_address>0x61c4</load_address>
         <run_address>0x61c4</run_address>
         <size>0x2a</size>
         <input_file_ref idref="fl-6"/>
      </object_component>
      <object_component id="oc-255">
         <name>.text:Reset_TEMP5</name>
         <load_address>0x61ee</load_address>
         <run_address>0x61ee</run_address>
         <size>0x2a</size>
         <input_file_ref idref="fl-6"/>
      </object_component>
      <object_component id="oc-2fa">
         <name>.text:print_line</name>
         <load_address>0x6218</load_address>
         <run_address>0x6218</run_address>
         <size>0x2a</size>
         <input_file_ref idref="fl-2"/>
      </object_component>
      <object_component id="oc-20f">
         <name>.text:Read_TEMP0</name>
         <load_address>0x6242</load_address>
         <run_address>0x6242</run_address>
         <size>0x28</size>
         <input_file_ref idref="fl-6"/>
      </object_component>
      <object_component id="oc-21f">
         <name>.text:Read_TEMP1</name>
         <load_address>0x626a</load_address>
         <run_address>0x626a</run_address>
         <size>0x28</size>
         <input_file_ref idref="fl-6"/>
      </object_component>
      <object_component id="oc-22f">
         <name>.text:Read_TEMP2</name>
         <load_address>0x6292</load_address>
         <run_address>0x6292</run_address>
         <size>0x28</size>
         <input_file_ref idref="fl-6"/>
      </object_component>
      <object_component id="oc-23f">
         <name>.text:Read_TEMP3</name>
         <load_address>0x62ba</load_address>
         <run_address>0x62ba</run_address>
         <size>0x28</size>
         <input_file_ref idref="fl-6"/>
      </object_component>
      <object_component id="oc-24f">
         <name>.text:Read_TEMP4</name>
         <load_address>0x62e2</load_address>
         <run_address>0x62e2</run_address>
         <size>0x28</size>
         <input_file_ref idref="fl-6"/>
      </object_component>
      <object_component id="oc-25f">
         <name>.text:Read_TEMP5</name>
         <load_address>0x630a</load_address>
         <run_address>0x630a</run_address>
         <size>0x28</size>
         <input_file_ref idref="fl-6"/>
      </object_component>
      <object_component id="oc-215">
         <name>.text:Reset_TEMP1</name>
         <load_address>0x6332</load_address>
         <run_address>0x6332</run_address>
         <size>0x28</size>
         <input_file_ref idref="fl-6"/>
      </object_component>
      <object_component id="oc-225">
         <name>.text:Reset_TEMP2</name>
         <load_address>0x635a</load_address>
         <run_address>0x635a</run_address>
         <size>0x28</size>
         <input_file_ref idref="fl-6"/>
      </object_component>
      <object_component id="oc-235">
         <name>.text:Reset_TEMP3</name>
         <load_address>0x6382</load_address>
         <run_address>0x6382</run_address>
         <size>0x28</size>
         <input_file_ref idref="fl-6"/>
      </object_component>
      <object_component id="oc-245">
         <name>.text:Reset_TEMP4</name>
         <load_address>0x63aa</load_address>
         <run_address>0x63aa</run_address>
         <size>0x28</size>
         <input_file_ref idref="fl-6"/>
      </object_component>
      <object_component id="oc-2c1">
         <name>.text:strspn</name>
         <load_address>0x63d2</load_address>
         <run_address>0x63d2</run_address>
         <size>0x28</size>
         <input_file_ref idref="fl-57"/>
      </object_component>
      <object_component id="oc-2d2">
         <name>.text:onewire_test</name>
         <load_address>0x63fa</load_address>
         <run_address>0x63fa</run_address>
         <size>0x26</size>
         <input_file_ref idref="fl-7"/>
      </object_component>
      <object_component id="oc-2c6">
         <name>.text:strcspn</name>
         <load_address>0x6420</load_address>
         <run_address>0x6420</run_address>
         <size>0x26</size>
         <input_file_ref idref="fl-56"/>
      </object_component>
      <object_component id="oc-205">
         <name>.text:Write_TEMP0</name>
         <load_address>0x6446</load_address>
         <run_address>0x6446</run_address>
         <size>0x24</size>
         <input_file_ref idref="fl-6"/>
      </object_component>
      <object_component id="oc-21a">
         <name>.text:Write_TEMP1</name>
         <load_address>0x646a</load_address>
         <run_address>0x646a</run_address>
         <size>0x24</size>
         <input_file_ref idref="fl-6"/>
      </object_component>
      <object_component id="oc-22a">
         <name>.text:Write_TEMP2</name>
         <load_address>0x648e</load_address>
         <run_address>0x648e</run_address>
         <size>0x24</size>
         <input_file_ref idref="fl-6"/>
      </object_component>
      <object_component id="oc-23a">
         <name>.text:Write_TEMP3</name>
         <load_address>0x64b2</load_address>
         <run_address>0x64b2</run_address>
         <size>0x24</size>
         <input_file_ref idref="fl-6"/>
      </object_component>
      <object_component id="oc-24a">
         <name>.text:Write_TEMP4</name>
         <load_address>0x64d6</load_address>
         <run_address>0x64d6</run_address>
         <size>0x24</size>
         <input_file_ref idref="fl-6"/>
      </object_component>
      <object_component id="oc-25a">
         <name>.text:Write_TEMP5</name>
         <load_address>0x64fa</load_address>
         <run_address>0x64fa</run_address>
         <size>0x24</size>
         <input_file_ref idref="fl-6"/>
      </object_component>
      <object_component id="oc-13b">
         <name>.text:fifo_init</name>
         <load_address>0x651e</load_address>
         <run_address>0x651e</run_address>
         <size>0x24</size>
         <input_file_ref idref="fl-5"/>
      </object_component>
      <object_component id="oc-3ef">
         <name>.text:fridge_string</name>
         <load_address>0x6542</load_address>
         <run_address>0x6542</run_address>
         <size>0x22</size>
         <input_file_ref idref="fl-7"/>
      </object_component>
      <object_component id="oc-147">
         <name>.text:print_string</name>
         <load_address>0x6564</load_address>
         <run_address>0x6564</run_address>
         <size>0x22</size>
         <input_file_ref idref="fl-2"/>
      </object_component>
      <object_component id="oc-3b6">
         <name>.text</name>
         <load_address>0x6586</load_address>
         <run_address>0x6586</run_address>
         <size>0x22</size>
         <input_file_ref idref="fl-55"/>
      </object_component>
      <object_component id="oc-315">
         <name>.text:WriteOne_TEMP0</name>
         <load_address>0x65a8</load_address>
         <run_address>0x65a8</run_address>
         <size>0x20</size>
         <input_file_ref idref="fl-6"/>
      </object_component>
      <object_component id="oc-332">
         <name>.text:WriteOne_TEMP1</name>
         <load_address>0x65c8</load_address>
         <run_address>0x65c8</run_address>
         <size>0x20</size>
         <input_file_ref idref="fl-6"/>
      </object_component>
      <object_component id="oc-34e">
         <name>.text:WriteOne_TEMP2</name>
         <load_address>0x65e8</load_address>
         <run_address>0x65e8</run_address>
         <size>0x20</size>
         <input_file_ref idref="fl-6"/>
      </object_component>
      <object_component id="oc-36a">
         <name>.text:WriteOne_TEMP3</name>
         <load_address>0x6608</load_address>
         <run_address>0x6608</run_address>
         <size>0x20</size>
         <input_file_ref idref="fl-6"/>
      </object_component>
      <object_component id="oc-386">
         <name>.text:WriteOne_TEMP4</name>
         <load_address>0x6628</load_address>
         <run_address>0x6628</run_address>
         <size>0x20</size>
         <input_file_ref idref="fl-6"/>
      </object_component>
      <object_component id="oc-3a2">
         <name>.text:WriteOne_TEMP5</name>
         <load_address>0x6648</load_address>
         <run_address>0x6648</run_address>
         <size>0x20</size>
         <input_file_ref idref="fl-6"/>
      </object_component>
      <object_component id="oc-2eb">
         <name>.text:check_button</name>
         <load_address>0x6668</load_address>
         <run_address>0x6668</run_address>
         <size>0x1a</size>
         <input_file_ref idref="fl-7"/>
      </object_component>
      <object_component id="oc-1d7">
         <name>.text:print_string_no_term</name>
         <load_address>0x6682</load_address>
         <run_address>0x6682</run_address>
         <size>0x1a</size>
         <input_file_ref idref="fl-2"/>
      </object_component>
      <object_component id="oc-310">
         <name>.text:WriteZero_TEMP0</name>
         <load_address>0x669c</load_address>
         <run_address>0x669c</run_address>
         <size>0x18</size>
         <input_file_ref idref="fl-6"/>
      </object_component>
      <object_component id="oc-32d">
         <name>.text:WriteZero_TEMP1</name>
         <load_address>0x66b4</load_address>
         <run_address>0x66b4</run_address>
         <size>0x18</size>
         <input_file_ref idref="fl-6"/>
      </object_component>
      <object_component id="oc-349">
         <name>.text:WriteZero_TEMP2</name>
         <load_address>0x66cc</load_address>
         <run_address>0x66cc</run_address>
         <size>0x18</size>
         <input_file_ref idref="fl-6"/>
      </object_component>
      <object_component id="oc-365">
         <name>.text:WriteZero_TEMP3</name>
         <load_address>0x66e4</load_address>
         <run_address>0x66e4</run_address>
         <size>0x18</size>
         <input_file_ref idref="fl-6"/>
      </object_component>
      <object_component id="oc-381">
         <name>.text:WriteZero_TEMP4</name>
         <load_address>0x66fc</load_address>
         <run_address>0x66fc</run_address>
         <size>0x18</size>
         <input_file_ref idref="fl-6"/>
      </object_component>
      <object_component id="oc-39d">
         <name>.text:WriteZero_TEMP5</name>
         <load_address>0x6714</load_address>
         <run_address>0x6714</run_address>
         <size>0x18</size>
         <input_file_ref idref="fl-6"/>
      </object_component>
      <object_component id="oc-20a">
         <name>.text:delay_ms</name>
         <load_address>0x672c</load_address>
         <run_address>0x672c</run_address>
         <size>0x18</size>
         <input_file_ref idref="fl-4"/>
      </object_component>
      <object_component id="oc-2cd">
         <name>.text:strcmp</name>
         <load_address>0x6744</load_address>
         <run_address>0x6744</run_address>
         <size>0x18</size>
         <input_file_ref idref="fl-4d"/>
      </object_component>
      <object_component id="oc-f5">
         <name>.text:fifo_isEmpty</name>
         <load_address>0x675c</load_address>
         <run_address>0x675c</run_address>
         <size>0x16</size>
         <input_file_ref idref="fl-5"/>
      </object_component>
      <object_component id="oc-2af">
         <name>.text:send_packet_footer</name>
         <load_address>0x6772</load_address>
         <run_address>0x6772</run_address>
         <size>0x16</size>
         <input_file_ref idref="fl-7"/>
      </object_component>
      <object_component id="oc-2aa">
         <name>.text:send_segment_terminator</name>
         <load_address>0x6788</load_address>
         <run_address>0x6788</run_address>
         <size>0x16</size>
         <input_file_ref idref="fl-7"/>
      </object_component>
      <object_component id="oc-30a">
         <name>.text:TEMP0_RELEASE</name>
         <load_address>0x679e</load_address>
         <run_address>0x679e</run_address>
         <size>0x14</size>
         <input_file_ref idref="fl-6"/>
      </object_component>
      <object_component id="oc-397">
         <name>.text:TEMP5_RELEASE</name>
         <load_address>0x67b2</load_address>
         <run_address>0x67b2</run_address>
         <size>0x14</size>
         <input_file_ref idref="fl-6"/>
      </object_component>
      <object_component id="oc-2a5">
         <name>.text:fridge_char</name>
         <load_address>0x67c6</load_address>
         <run_address>0x67c6</run_address>
         <size>0x14</size>
         <input_file_ref idref="fl-7"/>
      </object_component>
      <object_component id="oc-134">
         <name>.text:print_char</name>
         <load_address>0x67da</load_address>
         <run_address>0x67da</run_address>
         <size>0x14</size>
         <input_file_ref idref="fl-2"/>
      </object_component>
      <object_component id="oc-2f0">
         <name>.text:blink2</name>
         <load_address>0x67ee</load_address>
         <run_address>0x67ee</run_address>
         <size>0x10</size>
         <input_file_ref idref="fl-7"/>
      </object_component>
      <object_component id="oc-305">
         <name>.text:delay_us</name>
         <load_address>0x67fe</load_address>
         <run_address>0x67fe</run_address>
         <size>0x10</size>
         <input_file_ref idref="fl-4"/>
      </object_component>
      <object_component id="oc-3ca">
         <name>.text:l_asr</name>
         <load_address>0x680e</load_address>
         <run_address>0x680e</run_address>
         <size>0x10</size>
         <input_file_ref idref="fl-52"/>
      </object_component>
      <object_component id="oc-3c2">
         <name>.text:l_lsl</name>
         <load_address>0x681e</load_address>
         <run_address>0x681e</run_address>
         <size>0x10</size>
         <input_file_ref idref="fl-48"/>
      </object_component>
      <object_component id="oc-3c6">
         <name>.text:l_lsr</name>
         <load_address>0x682e</load_address>
         <run_address>0x682e</run_address>
         <size>0x10</size>
         <input_file_ref idref="fl-49"/>
      </object_component>
      <object_component id="oc-300">
         <name>.text:TEMP0_LO</name>
         <load_address>0x683e</load_address>
         <run_address>0x683e</run_address>
         <size>0xe</size>
         <input_file_ref idref="fl-6"/>
      </object_component>
      <object_component id="oc-327">
         <name>.text:TEMP1_RELEASE</name>
         <load_address>0x684c</load_address>
         <run_address>0x684c</run_address>
         <size>0xe</size>
         <input_file_ref idref="fl-6"/>
      </object_component>
      <object_component id="oc-343">
         <name>.text:TEMP2_RELEASE</name>
         <load_address>0x685a</load_address>
         <run_address>0x685a</run_address>
         <size>0xe</size>
         <input_file_ref idref="fl-6"/>
      </object_component>
      <object_component id="oc-35f">
         <name>.text:TEMP3_RELEASE</name>
         <load_address>0x6868</load_address>
         <run_address>0x6868</run_address>
         <size>0xe</size>
         <input_file_ref idref="fl-6"/>
      </object_component>
      <object_component id="oc-37b">
         <name>.text:TEMP4_RELEASE</name>
         <load_address>0x6876</load_address>
         <run_address>0x6876</run_address>
         <size>0xe</size>
         <input_file_ref idref="fl-6"/>
      </object_component>
      <object_component id="oc-392">
         <name>.text:TEMP5_LO</name>
         <load_address>0x6884</load_address>
         <run_address>0x6884</run_address>
         <size>0xe</size>
         <input_file_ref idref="fl-6"/>
      </object_component>
      <object_component id="oc-2f5">
         <name>.text:blink1</name>
         <load_address>0x6892</load_address>
         <run_address>0x6892</run_address>
         <size>0xe</size>
         <input_file_ref idref="fl-7"/>
      </object_component>
      <object_component id="oc-8e">
         <name>.text:decompress:rle24:__TI_decompress_rle24</name>
         <load_address>0x68a0</load_address>
         <run_address>0x68a0</run_address>
         <size>0xe</size>
         <input_file_ref idref="fl-2a"/>
      </object_component>
      <object_component id="oc-1e0">
         <name>.text:strlen</name>
         <load_address>0x68ae</load_address>
         <run_address>0x68ae</run_address>
         <size>0xe</size>
         <input_file_ref idref="fl-4e"/>
      </object_component>
      <object_component id="oc-19e">
         <name>.text:__mspabi_fltid</name>
         <load_address>0x68bc</load_address>
         <run_address>0x68bc</run_address>
         <size>0xc</size>
         <input_file_ref idref="fl-30"/>
      </object_component>
      <object_component id="oc-322">
         <name>.text:TEMP1_LO</name>
         <load_address>0x68c8</load_address>
         <run_address>0x68c8</run_address>
         <size>0xa</size>
         <input_file_ref idref="fl-6"/>
      </object_component>
      <object_component id="oc-33e">
         <name>.text:TEMP2_LO</name>
         <load_address>0x68d2</load_address>
         <run_address>0x68d2</run_address>
         <size>0xa</size>
         <input_file_ref idref="fl-6"/>
      </object_component>
      <object_component id="oc-35a">
         <name>.text:TEMP3_LO</name>
         <load_address>0x68dc</load_address>
         <run_address>0x68dc</run_address>
         <size>0xa</size>
         <input_file_ref idref="fl-6"/>
      </object_component>
      <object_component id="oc-376">
         <name>.text:TEMP4_LO</name>
         <load_address>0x68e6</load_address>
         <run_address>0x68e6</run_address>
         <size>0xa</size>
         <input_file_ref idref="fl-6"/>
      </object_component>
      <object_component id="oc-2e6">
         <name>.text:fridge_test</name>
         <load_address>0x68f0</load_address>
         <run_address>0x68f0</run_address>
         <size>0xa</size>
         <input_file_ref idref="fl-7"/>
      </object_component>
      <object_component id="oc-1c1">
         <name>.text:fan_off</name>
         <load_address>0x68fa</load_address>
         <run_address>0x68fa</run_address>
         <size>0x8</size>
         <input_file_ref idref="fl-7"/>
      </object_component>
      <object_component id="oc-1c6">
         <name>.text:fan_on</name>
         <load_address>0x6902</load_address>
         <run_address>0x6902</run_address>
         <size>0x8</size>
         <input_file_ref idref="fl-7"/>
      </object_component>
      <object_component id="oc-96">
         <name>.text:__TI_ISR_TRAP</name>
         <load_address>0x690a</load_address>
         <run_address>0x690a</run_address>
         <size>0x6</size>
         <input_file_ref idref="fl-47"/>
      </object_component>
      <object_component id="oc-141">
         <name>.text:fifo_status</name>
         <load_address>0x6910</load_address>
         <run_address>0x6910</run_address>
         <size>0x6</size>
         <input_file_ref idref="fl-5"/>
      </object_component>
      <object_component id="oc-a4">
         <name>.text:_system_pre_init</name>
         <load_address>0x6916</load_address>
         <run_address>0x6916</run_address>
         <size>0x4</size>
         <input_file_ref idref="fl-4b"/>
      </object_component>
      <object_component id="oc-b3">
         <name>.text:abort</name>
         <load_address>0x691a</load_address>
         <run_address>0x691a</run_address>
         <size>0x4</size>
         <input_file_ref idref="fl-2f"/>
      </object_component>
      <object_component id="oc-72">
         <name>.text:_isr:_c_int00_noexit</name>
         <load_address>0x45b2</load_address>
         <run_address>0x45b2</run_address>
         <size>0x1a</size>
         <input_file_ref idref="fl-28"/>
      </object_component>
      <object_component id="oc-b9">
         <name>.text:_isr:USCI_A0_ISR</name>
         <load_address>0x45cc</load_address>
         <run_address>0x45cc</run_address>
         <size>0x18</size>
         <input_file_ref idref="fl-3"/>
      </object_component>
      <object_component id="oc-9f">
         <name>.text:_isr:TIMER1_A0_ISR</name>
         <load_address>0x45e4</load_address>
         <run_address>0x45e4</run_address>
         <size>0xa</size>
         <input_file_ref idref="fl-3"/>
      </object_component>
      <object_component id="oc-9a">
         <name>.text:_isr:USCI_A1_ISR</name>
         <load_address>0x45ee</load_address>
         <run_address>0x45ee</run_address>
         <size>0xa</size>
         <input_file_ref idref="fl-3"/>
      </object_component>
      <object_component id="oc-495">
         <name>__TI_handler_table</name>
         <load_address>0x691e</load_address>
         <run_address>0x691e</run_address>
         <size>0xc</size>
      </object_component>
      <object_component id="oc-498">
         <name>.cinit..data.load</name>
         <load_address>0x692a</load_address>
         <run_address>0x692a</run_address>
         <size>0x9</size>
      </object_component>
      <object_component id="oc-497">
         <name>.cinit..bss.load</name>
         <load_address>0x6934</load_address>
         <run_address>0x6934</run_address>
         <size>0x6</size>
      </object_component>
      <object_component id="oc-496">
         <name>__TI_cinit_table</name>
         <load_address>0x693a</load_address>
         <run_address>0x693a</run_address>
         <size>0x10</size>
      </object_component>
      <object_component id="oc-146">
         <name>.const:.string</name>
         <load_address>0x4400</load_address>
         <run_address>0x4400</run_address>
         <size>0x160</size>
         <input_file_ref idref="fl-2"/>
      </object_component>
      <object_component id="oc-3ea">
         <name>.const:.string</name>
         <load_address>0x4560</load_address>
         <run_address>0x4560</run_address>
         <size>0x4a</size>
         <input_file_ref idref="fl-7"/>
      </object_component>
      <object_component id="oc-1e6">
         <name>.const:.string:$P$T0$1</name>
         <load_address>0x45aa</load_address>
         <run_address>0x45aa</run_address>
         <size>0x8</size>
         <input_file_ref idref="fl-2"/>
      </object_component>
      <object_component id="oc-69">
         <name>.int41</name>
         <load_address>0xffd2</load_address>
         <run_address>0xffd2</run_address>
         <size>0x2</size>
         <input_file_ref idref="fl-34"/>
      </object_component>
      <object_component id="oc-6a">
         <name>.int42</name>
         <load_address>0xffd4</load_address>
         <run_address>0xffd4</run_address>
         <size>0x2</size>
         <input_file_ref idref="fl-35"/>
      </object_component>
      <object_component id="oc-6b">
         <name>.int43</name>
         <load_address>0xffd6</load_address>
         <run_address>0xffd6</run_address>
         <size>0x2</size>
         <input_file_ref idref="fl-36"/>
      </object_component>
      <object_component id="oc-6c">
         <name>.int44</name>
         <load_address>0xffd8</load_address>
         <run_address>0xffd8</run_address>
         <size>0x2</size>
         <input_file_ref idref="fl-37"/>
      </object_component>
      <object_component id="oc-6d">
         <name>.int45</name>
         <load_address>0xffda</load_address>
         <run_address>0xffda</run_address>
         <size>0x2</size>
         <input_file_ref idref="fl-38"/>
      </object_component>
      <object_component id="oc-6e">
         <name>.int46</name>
         <load_address>0xffdc</load_address>
         <run_address>0xffdc</run_address>
         <size>0x2</size>
         <input_file_ref idref="fl-3"/>
      </object_component>
      <object_component id="oc-6f">
         <name>.int47</name>
         <load_address>0xffde</load_address>
         <run_address>0xffde</run_address>
         <size>0x2</size>
         <input_file_ref idref="fl-39"/>
      </object_component>
      <object_component id="oc-70">
         <name>.int48</name>
         <load_address>0xffe0</load_address>
         <run_address>0xffe0</run_address>
         <size>0x2</size>
         <input_file_ref idref="fl-3a"/>
      </object_component>
      <object_component id="oc-71">
         <name>.int49</name>
         <load_address>0xffe2</load_address>
         <run_address>0xffe2</run_address>
         <size>0x2</size>
         <input_file_ref idref="fl-3"/>
      </object_component>
      <object_component id="oc-77">
         <name>.int50</name>
         <load_address>0xffe4</load_address>
         <run_address>0xffe4</run_address>
         <size>0x2</size>
         <input_file_ref idref="fl-3b"/>
      </object_component>
      <object_component id="oc-78">
         <name>.int51</name>
         <load_address>0xffe6</load_address>
         <run_address>0xffe6</run_address>
         <size>0x2</size>
         <input_file_ref idref="fl-3c"/>
      </object_component>
      <object_component id="oc-79">
         <name>.int52</name>
         <load_address>0xffe8</load_address>
         <run_address>0xffe8</run_address>
         <size>0x2</size>
         <input_file_ref idref="fl-3d"/>
      </object_component>
      <object_component id="oc-7a">
         <name>.int53</name>
         <load_address>0xffea</load_address>
         <run_address>0xffea</run_address>
         <size>0x2</size>
         <input_file_ref idref="fl-3e"/>
      </object_component>
      <object_component id="oc-7b">
         <name>.int54</name>
         <load_address>0xffec</load_address>
         <run_address>0xffec</run_address>
         <size>0x2</size>
         <input_file_ref idref="fl-3f"/>
      </object_component>
      <object_component id="oc-7c">
         <name>.int55</name>
         <load_address>0xffee</load_address>
         <run_address>0xffee</run_address>
         <size>0x2</size>
         <input_file_ref idref="fl-40"/>
      </object_component>
      <object_component id="oc-7d">
         <name>.int56</name>
         <load_address>0xfff0</load_address>
         <run_address>0xfff0</run_address>
         <size>0x2</size>
         <input_file_ref idref="fl-3"/>
      </object_component>
      <object_component id="oc-7e">
         <name>.int57</name>
         <load_address>0xfff2</load_address>
         <run_address>0xfff2</run_address>
         <size>0x2</size>
         <input_file_ref idref="fl-41"/>
      </object_component>
      <object_component id="oc-7f">
         <name>.int58</name>
         <load_address>0xfff4</load_address>
         <run_address>0xfff4</run_address>
         <size>0x2</size>
         <input_file_ref idref="fl-42"/>
      </object_component>
      <object_component id="oc-80">
         <name>.int59</name>
         <load_address>0xfff6</load_address>
         <run_address>0xfff6</run_address>
         <size>0x2</size>
         <input_file_ref idref="fl-43"/>
      </object_component>
      <object_component id="oc-81">
         <name>.int60</name>
         <load_address>0xfff8</load_address>
         <run_address>0xfff8</run_address>
         <size>0x2</size>
         <input_file_ref idref="fl-44"/>
      </object_component>
      <object_component id="oc-82">
         <name>.int61</name>
         <load_address>0xfffa</load_address>
         <run_address>0xfffa</run_address>
         <size>0x2</size>
         <input_file_ref idref="fl-45"/>
      </object_component>
      <object_component id="oc-83">
         <name>.int62</name>
         <load_address>0xfffc</load_address>
         <run_address>0xfffc</run_address>
         <size>0x2</size>
         <input_file_ref idref="fl-46"/>
      </object_component>
      <object_component id="oc-95">
         <name>.reset</name>
         <load_address>0xfffe</load_address>
         <run_address>0xfffe</run_address>
         <size>0x2</size>
         <input_file_ref idref="fl-28"/>
      </object_component>
      <object_component id="oc-140">
         <name>.common:shell_rx_fifo</name>
         <uninitialized>true</uninitialized>
         <run_address>0x2580</run_address>
         <size>0x14</size>
      </object_component>
      <object_component id="oc-13a">
         <name>.common:shell_rx_fifo_buf</name>
         <uninitialized>true</uninitialized>
         <run_address>0x25a4</run_address>
         <size>0x4</size>
      </object_component>
      <object_component id="oc-1ee">
         <name>.common:inputbuf</name>
         <uninitialized>true</uninitialized>
         <run_address>0x2500</run_address>
         <size>0x40</size>
      </object_component>
      <object_component id="oc-1f2">
         <name>.common:validbuf</name>
         <uninitialized>true</uninitialized>
         <run_address>0x2540</run_address>
         <size>0x40</size>
      </object_component>
      <object_component id="oc-1f9">
         <name>.common:argv</name>
         <uninitialized>true</uninitialized>
         <run_address>0x2594</run_address>
         <size>0x10</size>
      </object_component>
      <object_component id="oc-278">
         <name>.common:tx_framebuf</name>
         <uninitialized>true</uninitialized>
         <run_address>0x2400</run_address>
         <size>0x100</size>
      </object_component>
      <object_component id="oc-116">
         <name>.data</name>
         <load_address>0x25a8</load_address>
         <run_address>0x25a8</run_address>
         <size>0x10</size>
         <input_file_ref idref="fl-7"/>
      </object_component>
      <object_component id="oc-16a">
         <name>.data</name>
         <load_address>0x25b8</load_address>
         <run_address>0x25b8</run_address>
         <size>0x4</size>
         <input_file_ref idref="fl-2"/>
      </object_component>
      <object_component id="oc-2bf">
         <name>.data</name>
         <load_address>0x25bc</load_address>
         <run_address>0x25bc</run_address>
         <size>0x2</size>
         <input_file_ref idref="fl-4f"/>
      </object_component>
      <object_component id="oc-73">
         <name>.debug_info</name>
         <load_address>0x0</load_address>
         <run_address>0x0</run_address>
         <size>0x125</size>
         <input_file_ref idref="fl-28"/>
      </object_component>
      <object_component id="oc-88">
         <name>.debug_info</name>
         <load_address>0x125</load_address>
         <run_address>0x125</run_address>
         <size>0x1b4</size>
         <input_file_ref idref="fl-29"/>
      </object_component>
      <object_component id="oc-8a">
         <name>.debug_info</name>
         <load_address>0x2d9</load_address>
         <run_address>0x2d9</run_address>
         <size>0x183</size>
         <input_file_ref idref="fl-2b"/>
      </object_component>
      <object_component id="oc-91">
         <name>.debug_info</name>
         <load_address>0x45c</load_address>
         <run_address>0x45c</run_address>
         <size>0x1a7</size>
         <input_file_ref idref="fl-2a"/>
      </object_component>
      <object_component id="oc-94">
         <name>.debug_info</name>
         <load_address>0x603</load_address>
         <run_address>0x603</run_address>
         <size>0xaa</size>
         <input_file_ref idref="fl-28"/>
      </object_component>
      <object_component id="oc-97">
         <name>.debug_info</name>
         <load_address>0x6ad</load_address>
         <run_address>0x6ad</run_address>
         <size>0xc2</size>
         <input_file_ref idref="fl-47"/>
      </object_component>
      <object_component id="oc-9b">
         <name>.debug_info</name>
         <load_address>0x76f</load_address>
         <run_address>0x76f</run_address>
         <size>0x102</size>
         <input_file_ref idref="fl-3"/>
      </object_component>
      <object_component id="oc-a0">
         <name>.debug_info</name>
         <load_address>0x871</load_address>
         <run_address>0x871</run_address>
         <size>0x120</size>
         <input_file_ref idref="fl-3"/>
      </object_component>
      <object_component id="oc-a5">
         <name>.debug_info</name>
         <load_address>0x991</load_address>
         <run_address>0x991</run_address>
         <size>0xfd</size>
         <input_file_ref idref="fl-4b"/>
      </object_component>
      <object_component id="oc-aa">
         <name>.debug_info</name>
         <load_address>0xa8e</load_address>
         <run_address>0xa8e</run_address>
         <size>0x176</size>
         <input_file_ref idref="fl-53"/>
      </object_component>
      <object_component id="oc-af">
         <name>.debug_info</name>
         <load_address>0xc04</load_address>
         <run_address>0xc04</run_address>
         <size>0x138</size>
         <input_file_ref idref="fl-3"/>
      </object_component>
      <object_component id="oc-b4">
         <name>.debug_info</name>
         <load_address>0xd3c</load_address>
         <run_address>0xd3c</run_address>
         <size>0xcc</size>
         <input_file_ref idref="fl-2f"/>
      </object_component>
      <object_component id="oc-ba">
         <name>.debug_info</name>
         <load_address>0xe08</load_address>
         <run_address>0xe08</run_address>
         <size>0x111</size>
         <input_file_ref idref="fl-3"/>
      </object_component>
      <object_component id="oc-bf">
         <name>.debug_info</name>
         <load_address>0xf19</load_address>
         <run_address>0xf19</run_address>
         <size>0xcd</size>
         <input_file_ref idref="fl-2c"/>
      </object_component>
      <object_component id="oc-c3">
         <name>.debug_info</name>
         <load_address>0xfe6</load_address>
         <run_address>0xfe6</run_address>
         <size>0x46</size>
         <input_file_ref idref="fl-29"/>
      </object_component>
      <object_component id="oc-c8">
         <name>.debug_info</name>
         <load_address>0x102c</load_address>
         <run_address>0x102c</run_address>
         <size>0x184</size>
         <input_file_ref idref="fl-29"/>
      </object_component>
      <object_component id="oc-ca">
         <name>.debug_info</name>
         <load_address>0x11b0</load_address>
         <run_address>0x11b0</run_address>
         <size>0x46</size>
         <input_file_ref idref="fl-2b"/>
      </object_component>
      <object_component id="oc-cf">
         <name>.debug_info</name>
         <load_address>0x11f6</load_address>
         <run_address>0x11f6</run_address>
         <size>0x17f</size>
         <input_file_ref idref="fl-2b"/>
      </object_component>
      <object_component id="oc-d3">
         <name>.debug_info</name>
         <load_address>0x1375</load_address>
         <run_address>0x1375</run_address>
         <size>0x266</size>
         <input_file_ref idref="fl-2a"/>
      </object_component>
      <object_component id="oc-d6">
         <name>.debug_info</name>
         <load_address>0x15db</load_address>
         <run_address>0x15db</run_address>
         <size>0x189</size>
         <input_file_ref idref="fl-2a"/>
      </object_component>
      <object_component id="oc-d7">
         <name>.debug_info</name>
         <load_address>0x1764</load_address>
         <run_address>0x1764</run_address>
         <size>0x39</size>
         <input_file_ref idref="fl-2a"/>
      </object_component>
      <object_component id="oc-de">
         <name>.debug_info</name>
         <load_address>0x179d</load_address>
         <run_address>0x179d</run_address>
         <size>0x84</size>
         <input_file_ref idref="fl-2"/>
      </object_component>
      <object_component id="oc-e6">
         <name>.debug_info</name>
         <load_address>0x1821</load_address>
         <run_address>0x1821</run_address>
         <size>0x1e2</size>
         <input_file_ref idref="fl-7"/>
      </object_component>
      <object_component id="oc-ed">
         <name>.debug_info</name>
         <load_address>0x1a03</load_address>
         <run_address>0x1a03</run_address>
         <size>0x2e0</size>
         <input_file_ref idref="fl-53"/>
      </object_component>
      <object_component id="oc-ef">
         <name>.debug_info</name>
         <load_address>0x1ce3</load_address>
         <run_address>0x1ce3</run_address>
         <size>0x25f</size>
         <input_file_ref idref="fl-2"/>
      </object_component>
      <object_component id="oc-f4">
         <name>.debug_info</name>
         <load_address>0x1f42</load_address>
         <run_address>0x1f42</run_address>
         <size>0x56c</size>
         <input_file_ref idref="fl-2"/>
      </object_component>
      <object_component id="oc-f6">
         <name>.debug_info</name>
         <load_address>0x24ae</load_address>
         <run_address>0x24ae</run_address>
         <size>0x11d</size>
         <input_file_ref idref="fl-5"/>
      </object_component>
      <object_component id="oc-fc">
         <name>.debug_info</name>
         <load_address>0x25cb</load_address>
         <run_address>0x25cb</run_address>
         <size>0x135</size>
         <input_file_ref idref="fl-5"/>
      </object_component>
      <object_component id="oc-101">
         <name>.debug_info</name>
         <load_address>0x2700</load_address>
         <run_address>0x2700</run_address>
         <size>0x1e5</size>
         <input_file_ref idref="fl-2"/>
      </object_component>
      <object_component id="oc-109">
         <name>.debug_info</name>
         <load_address>0x28e5</load_address>
         <run_address>0x28e5</run_address>
         <size>0x13c</size>
         <input_file_ref idref="fl-5"/>
      </object_component>
      <object_component id="oc-117">
         <name>.debug_info</name>
         <load_address>0x2a21</load_address>
         <run_address>0x2a21</run_address>
         <size>0x1d1</size>
         <input_file_ref idref="fl-7"/>
      </object_component>
      <object_component id="oc-119">
         <name>.debug_info</name>
         <load_address>0x2bf2</load_address>
         <run_address>0x2bf2</run_address>
         <size>0x1ef</size>
         <input_file_ref idref="fl-7"/>
      </object_component>
      <object_component id="oc-11e">
         <name>.debug_info</name>
         <load_address>0x2de1</load_address>
         <run_address>0x2de1</run_address>
         <size>0x27b</size>
         <input_file_ref idref="fl-7"/>
      </object_component>
      <object_component id="oc-123">
         <name>.debug_info</name>
         <load_address>0x305c</load_address>
         <run_address>0x305c</run_address>
         <size>0x254</size>
         <input_file_ref idref="fl-7"/>
      </object_component>
      <object_component id="oc-128">
         <name>.debug_info</name>
         <load_address>0x32b0</load_address>
         <run_address>0x32b0</run_address>
         <size>0x23c</size>
         <input_file_ref idref="fl-7"/>
      </object_component>
      <object_component id="oc-12f">
         <name>.debug_info</name>
         <load_address>0x34ec</load_address>
         <run_address>0x34ec</run_address>
         <size>0x39</size>
         <input_file_ref idref="fl-53"/>
      </object_component>
      <object_component id="oc-135">
         <name>.debug_info</name>
         <load_address>0x3525</load_address>
         <run_address>0x3525</run_address>
         <size>0x132</size>
         <input_file_ref idref="fl-2"/>
      </object_component>
      <object_component id="oc-13c">
         <name>.debug_info</name>
         <load_address>0x3657</load_address>
         <run_address>0x3657</run_address>
         <size>0x161</size>
         <input_file_ref idref="fl-5"/>
      </object_component>
      <object_component id="oc-142">
         <name>.debug_info</name>
         <load_address>0x37b8</load_address>
         <run_address>0x37b8</run_address>
         <size>0x11b</size>
         <input_file_ref idref="fl-5"/>
      </object_component>
      <object_component id="oc-148">
         <name>.debug_info</name>
         <load_address>0x38d3</load_address>
         <run_address>0x38d3</run_address>
         <size>0x167</size>
         <input_file_ref idref="fl-2"/>
      </object_component>
      <object_component id="oc-14d">
         <name>.debug_info</name>
         <load_address>0x3a3a</load_address>
         <run_address>0x3a3a</run_address>
         <size>0x153</size>
         <input_file_ref idref="fl-2"/>
      </object_component>
      <object_component id="oc-154">
         <name>.debug_info</name>
         <load_address>0x3b8d</load_address>
         <run_address>0x3b8d</run_address>
         <size>0xae</size>
         <input_file_ref idref="fl-2"/>
      </object_component>
      <object_component id="oc-159">
         <name>.debug_info</name>
         <load_address>0x3c3b</load_address>
         <run_address>0x3c3b</run_address>
         <size>0x18b</size>
         <input_file_ref idref="fl-2"/>
      </object_component>
      <object_component id="oc-15e">
         <name>.debug_info</name>
         <load_address>0x3dc6</load_address>
         <run_address>0x3dc6</run_address>
         <size>0x2c</size>
         <input_file_ref idref="fl-2"/>
      </object_component>
      <object_component id="oc-164">
         <name>.debug_info</name>
         <load_address>0x3df2</load_address>
         <run_address>0x3df2</run_address>
         <size>0x13e</size>
         <input_file_ref idref="fl-5"/>
      </object_component>
      <object_component id="oc-167">
         <name>.debug_info</name>
         <load_address>0x3f30</load_address>
         <run_address>0x3f30</run_address>
         <size>0xd6</size>
         <input_file_ref idref="fl-2e"/>
      </object_component>
      <object_component id="oc-16b">
         <name>.debug_info</name>
         <load_address>0x4006</load_address>
         <run_address>0x4006</run_address>
         <size>0xf8</size>
         <input_file_ref idref="fl-2"/>
      </object_component>
      <object_component id="oc-16f">
         <name>.debug_info</name>
         <load_address>0x40fe</load_address>
         <run_address>0x40fe</run_address>
         <size>0x181</size>
         <input_file_ref idref="fl-2"/>
      </object_component>
      <object_component id="oc-17b">
         <name>.debug_info</name>
         <load_address>0x427f</load_address>
         <run_address>0x427f</run_address>
         <size>0x19e</size>
         <input_file_ref idref="fl-6"/>
      </object_component>
      <object_component id="oc-180">
         <name>.debug_info</name>
         <load_address>0x441d</load_address>
         <run_address>0x441d</run_address>
         <size>0x1a1</size>
         <input_file_ref idref="fl-6"/>
      </object_component>
      <object_component id="oc-185">
         <name>.debug_info</name>
         <load_address>0x45be</load_address>
         <run_address>0x45be</run_address>
         <size>0x1a1</size>
         <input_file_ref idref="fl-6"/>
      </object_component>
      <object_component id="oc-18a">
         <name>.debug_info</name>
         <load_address>0x475f</load_address>
         <run_address>0x475f</run_address>
         <size>0x1a1</size>
         <input_file_ref idref="fl-6"/>
      </object_component>
      <object_component id="oc-18f">
         <name>.debug_info</name>
         <load_address>0x4900</load_address>
         <run_address>0x4900</run_address>
         <size>0x1a1</size>
         <input_file_ref idref="fl-6"/>
      </object_component>
      <object_component id="oc-194">
         <name>.debug_info</name>
         <load_address>0x4aa1</load_address>
         <run_address>0x4aa1</run_address>
         <size>0x1a1</size>
         <input_file_ref idref="fl-6"/>
      </object_component>
      <object_component id="oc-199">
         <name>.debug_info</name>
         <load_address>0x4c42</load_address>
         <run_address>0x4c42</run_address>
         <size>0x294</size>
         <input_file_ref idref="fl-7"/>
      </object_component>
      <object_component id="oc-19f">
         <name>.debug_info</name>
         <load_address>0x4ed6</load_address>
         <run_address>0x4ed6</run_address>
         <size>0x11b</size>
         <input_file_ref idref="fl-30"/>
      </object_component>
      <object_component id="oc-1a4">
         <name>.debug_info</name>
         <load_address>0x4ff1</load_address>
         <run_address>0x4ff1</run_address>
         <size>0x20d</size>
         <input_file_ref idref="fl-4a"/>
      </object_component>
      <object_component id="oc-1a9">
         <name>.debug_info</name>
         <load_address>0x51fe</load_address>
         <run_address>0x51fe</run_address>
         <size>0x1d2</size>
         <input_file_ref idref="fl-27"/>
      </object_component>
      <object_component id="oc-1ae">
         <name>.debug_info</name>
         <load_address>0x53d0</load_address>
         <run_address>0x53d0</run_address>
         <size>0x177</size>
         <input_file_ref idref="fl-2d"/>
      </object_component>
      <object_component id="oc-1b3">
         <name>.debug_info</name>
         <load_address>0x5547</load_address>
         <run_address>0x5547</run_address>
         <size>0xe0</size>
         <input_file_ref idref="fl-33"/>
      </object_component>
      <object_component id="oc-1b7">
         <name>.debug_info</name>
         <load_address>0x5627</load_address>
         <run_address>0x5627</run_address>
         <size>0x27e</size>
         <input_file_ref idref="fl-7"/>
      </object_component>
      <object_component id="oc-1bc">
         <name>.debug_info</name>
         <load_address>0x58a5</load_address>
         <run_address>0x58a5</run_address>
         <size>0x291</size>
         <input_file_ref idref="fl-7"/>
      </object_component>
      <object_component id="oc-1c2">
         <name>.debug_info</name>
         <load_address>0x5b36</load_address>
         <run_address>0x5b36</run_address>
         <size>0x144</size>
         <input_file_ref idref="fl-7"/>
      </object_component>
      <object_component id="oc-1c7">
         <name>.debug_info</name>
         <load_address>0x5c7a</load_address>
         <run_address>0x5c7a</run_address>
         <size>0x142</size>
         <input_file_ref idref="fl-7"/>
      </object_component>
      <object_component id="oc-1cd">
         <name>.debug_info</name>
         <load_address>0x5dbc</load_address>
         <run_address>0x5dbc</run_address>
         <size>0x418</size>
         <input_file_ref idref="fl-7"/>
      </object_component>
      <object_component id="oc-1d8">
         <name>.debug_info</name>
         <load_address>0x61d4</load_address>
         <run_address>0x61d4</run_address>
         <size>0x194</size>
         <input_file_ref idref="fl-2"/>
      </object_component>
      <object_component id="oc-1e1">
         <name>.debug_info</name>
         <load_address>0x6368</load_address>
         <run_address>0x6368</run_address>
         <size>0x153</size>
         <input_file_ref idref="fl-4e"/>
      </object_component>
      <object_component id="oc-1e7">
         <name>.debug_info</name>
         <load_address>0x64bb</load_address>
         <run_address>0x64bb</run_address>
         <size>0xd0</size>
         <input_file_ref idref="fl-2"/>
      </object_component>
      <object_component id="oc-1f5">
         <name>.debug_info</name>
         <load_address>0x658b</load_address>
         <run_address>0x658b</run_address>
         <size>0x155</size>
         <input_file_ref idref="fl-4f"/>
      </object_component>
      <object_component id="oc-1fb">
         <name>.debug_info</name>
         <load_address>0x66e0</load_address>
         <run_address>0x66e0</run_address>
         <size>0x3be</size>
         <input_file_ref idref="fl-2"/>
      </object_component>
      <object_component id="oc-201">
         <name>.debug_info</name>
         <load_address>0x6a9e</load_address>
         <run_address>0x6a9e</run_address>
         <size>0x174</size>
         <input_file_ref idref="fl-6"/>
      </object_component>
      <object_component id="oc-206">
         <name>.debug_info</name>
         <load_address>0x6c12</load_address>
         <run_address>0x6c12</run_address>
         <size>0x175</size>
         <input_file_ref idref="fl-6"/>
      </object_component>
      <object_component id="oc-20b">
         <name>.debug_info</name>
         <load_address>0x6d87</load_address>
         <run_address>0x6d87</run_address>
         <size>0x118</size>
         <input_file_ref idref="fl-4"/>
      </object_component>
      <object_component id="oc-210">
         <name>.debug_info</name>
         <load_address>0x6e9f</load_address>
         <run_address>0x6e9f</run_address>
         <size>0x150</size>
         <input_file_ref idref="fl-6"/>
      </object_component>
      <object_component id="oc-216">
         <name>.debug_info</name>
         <load_address>0x6fef</load_address>
         <run_address>0x6fef</run_address>
         <size>0x174</size>
         <input_file_ref idref="fl-6"/>
      </object_component>
      <object_component id="oc-21b">
         <name>.debug_info</name>
         <load_address>0x7163</load_address>
         <run_address>0x7163</run_address>
         <size>0x175</size>
         <input_file_ref idref="fl-6"/>
      </object_component>
      <object_component id="oc-220">
         <name>.debug_info</name>
         <load_address>0x72d8</load_address>
         <run_address>0x72d8</run_address>
         <size>0x153</size>
         <input_file_ref idref="fl-6"/>
      </object_component>
      <object_component id="oc-226">
         <name>.debug_info</name>
         <load_address>0x742b</load_address>
         <run_address>0x742b</run_address>
         <size>0x177</size>
         <input_file_ref idref="fl-6"/>
      </object_component>
      <object_component id="oc-22b">
         <name>.debug_info</name>
         <load_address>0x75a2</load_address>
         <run_address>0x75a2</run_address>
         <size>0x178</size>
         <input_file_ref idref="fl-6"/>
      </object_component>
      <object_component id="oc-230">
         <name>.debug_info</name>
         <load_address>0x771a</load_address>
         <run_address>0x771a</run_address>
         <size>0x153</size>
         <input_file_ref idref="fl-6"/>
      </object_component>
      <object_component id="oc-236">
         <name>.debug_info</name>
         <load_address>0x786d</load_address>
         <run_address>0x786d</run_address>
         <size>0x177</size>
         <input_file_ref idref="fl-6"/>
      </object_component>
      <object_component id="oc-23b">
         <name>.debug_info</name>
         <load_address>0x79e4</load_address>
         <run_address>0x79e4</run_address>
         <size>0x178</size>
         <input_file_ref idref="fl-6"/>
      </object_component>
      <object_component id="oc-240">
         <name>.debug_info</name>
         <load_address>0x7b5c</load_address>
         <run_address>0x7b5c</run_address>
         <size>0x153</size>
         <input_file_ref idref="fl-6"/>
      </object_component>
      <object_component id="oc-246">
         <name>.debug_info</name>
         <load_address>0x7caf</load_address>
         <run_address>0x7caf</run_address>
         <size>0x177</size>
         <input_file_ref idref="fl-6"/>
      </object_component>
      <object_component id="oc-24b">
         <name>.debug_info</name>
         <load_address>0x7e26</load_address>
         <run_address>0x7e26</run_address>
         <size>0x178</size>
         <input_file_ref idref="fl-6"/>
      </object_component>
      <object_component id="oc-250">
         <name>.debug_info</name>
         <load_address>0x7f9e</load_address>
         <run_address>0x7f9e</run_address>
         <size>0x153</size>
         <input_file_ref idref="fl-6"/>
      </object_component>
      <object_component id="oc-256">
         <name>.debug_info</name>
         <load_address>0x80f1</load_address>
         <run_address>0x80f1</run_address>
         <size>0x177</size>
         <input_file_ref idref="fl-6"/>
      </object_component>
      <object_component id="oc-25b">
         <name>.debug_info</name>
         <load_address>0x8268</load_address>
         <run_address>0x8268</run_address>
         <size>0x178</size>
         <input_file_ref idref="fl-6"/>
      </object_component>
      <object_component id="oc-260">
         <name>.debug_info</name>
         <load_address>0x83e0</load_address>
         <run_address>0x83e0</run_address>
         <size>0x153</size>
         <input_file_ref idref="fl-6"/>
      </object_component>
      <object_component id="oc-27b">
         <name>.debug_info</name>
         <load_address>0x8533</load_address>
         <run_address>0x8533</run_address>
         <size>0x193</size>
         <input_file_ref idref="fl-31"/>
      </object_component>
      <object_component id="oc-280">
         <name>.debug_info</name>
         <load_address>0x86c6</load_address>
         <run_address>0x86c6</run_address>
         <size>0x105</size>
         <input_file_ref idref="fl-30"/>
      </object_component>
      <object_component id="oc-282">
         <name>.debug_info</name>
         <load_address>0x87cb</load_address>
         <run_address>0x87cb</run_address>
         <size>0x313</size>
         <input_file_ref idref="fl-54"/>
      </object_component>
      <object_component id="oc-287">
         <name>.debug_info</name>
         <load_address>0x8ade</load_address>
         <run_address>0x8ade</run_address>
         <size>0x142</size>
         <input_file_ref idref="fl-4a"/>
      </object_component>
      <object_component id="oc-288">
         <name>.debug_info</name>
         <load_address>0x8c20</load_address>
         <run_address>0x8c20</run_address>
         <size>0x94</size>
         <input_file_ref idref="fl-27"/>
      </object_component>
      <object_component id="oc-290">
         <name>.debug_info</name>
         <load_address>0x8cb4</load_address>
         <run_address>0x8cb4</run_address>
         <size>0x267</size>
         <input_file_ref idref="fl-32"/>
      </object_component>
      <object_component id="oc-293">
         <name>.debug_info</name>
         <load_address>0x8f1b</load_address>
         <run_address>0x8f1b</run_address>
[...]
         <object_component_ref idref="oc-2e6"/>
      </symbol>
      <symbol id="sm-6c2">
         <name>timer_event_handler</name>
         <value>0x5ea8</value>
         <object_component_ref idref="oc-e5"/>
      </symbol>
      <symbol id="sm-6c3">
         <name>send_packet_header</name>
         <value>0x5ee4</value>
         <object_component_ref idref="oc-2a0"/>
      </symbol>
      <symbol id="sm-6c4">
         <name>check_button</name>
         <value>0x6668</value>
         <object_component_ref idref="oc-2eb"/>
      </symbol>
      <symbol id="sm-6c5">
         <name>control_fridge</name>
         <value>0x5842</value>
         <object_component_ref idref="oc-122"/>
      </symbol>
      <symbol id="sm-6c6">
         <name>fridge_comm_counter</name>
         <value>0x25b6</value>
         <object_component_ref idref="oc-116"/>
      </symbol>
      <symbol id="sm-6c7">
         <name>fridge_string</name>
         <value>0x6542</value>
         <object_component_ref idref="oc-3ef"/>
      </symbol>
      <symbol id="sm-6c8">
         <name>control_freezer</name>
         <value>0x57aa</value>
         <object_component_ref idref="oc-11d"/>
      </symbol>
      <symbol id="sm-6c9">
         <name>set_fridge_both_high</name>
         <value>0x5be8</value>
         <object_component_ref idref="oc-2dc"/>
      </symbol>
      <symbol id="sm-6ca">
         <name>set_fridge_both_off</name>
         <value>0x5c2c</value>
         <object_component_ref idref="oc-1b6"/>
      </symbol>
      <symbol id="sm-6cb">
         <name>onewire_test</name>
         <value>0x63fa</value>
         <object_component_ref idref="oc-2d2"/>
      </symbol>
      <symbol id="sm-6cc">
         <name>polling_counter</name>
         <value>0x25b4</value>
         <object_component_ref idref="oc-116"/>
      </symbol>
      <symbol id="sm-6cd">
         <name>poll_and_send_temps</name>
         <value>0x59aa</value>
         <object_component_ref idref="oc-118"/>
      </symbol>
      <symbol id="sm-6ce">
         <name>blink1</name>
         <value>0x6892</value>
         <object_component_ref idref="oc-2f5"/>
      </symbol>
      <symbol id="sm-6cf">
         <name>blink2</name>
         <value>0x67ee</value>
         <object_component_ref idref="oc-2f0"/>
      </symbol>
      <symbol id="sm-6d0">
         <name>send_temp_data_frame</name>
         <value>0x5710</value>
         <object_component_ref idref="oc-198"/>
      </symbol>
      <symbol id="sm-6d1">
         <name>send_fridge_state_frame</name>
         <value>0x5b06</value>
         <object_component_ref idref="oc-127"/>
      </symbol>
      <symbol id="sm-6d2">
         <name>fan_off</name>
         <value>0x68fa</value>
         <object_component_ref idref="oc-1c1"/>
      </symbol>
      <symbol id="sm-6d3">
         <name>temp0</name>
         <value>0x25a8</value>
         <object_component_ref idref="oc-116"/>
      </symbol>
      <symbol id="sm-6d4">
         <name>temp1</name>
         <value>0x25aa</value>
         <object_component_ref idref="oc-116"/>
      </symbol>
      <symbol id="sm-6d5">
         <name>temp2</name>
         <value>0x25ac</value>
         <object_component_ref idref="oc-116"/>
      </symbol>
      <symbol id="sm-6d6">
         <name>temp3</name>
         <value>0x25ae</value>
         <object_component_ref idref="oc-116"/>
      </symbol>
      <symbol id="sm-6d7">
         <name>temp4</name>
         <value>0x25b0</value>
         <object_component_ref idref="oc-116"/>
      </symbol>
      <symbol id="sm-6d8">
         <name>temp5</name>
         <value>0x25b2</value>
         <object_component_ref idref="oc-116"/>
      </symbol>
      <symbol id="sm-6d9">
         <name>send_packet_footer</name>
         <value>0x6772</value>
         <object_component_ref idref="oc-2af"/>
      </symbol>
      <symbol id="sm-6da">
         <name>set_fridge_low_freezer_high</name>
         <value>0x5cb2</value>
         <object_component_ref idref="oc-2d7"/>
      </symbol>
      <symbol id="sm-6db">
         <name>fan_on</name>
         <value>0x6902</value>
         <object_component_ref idref="oc-1c6"/>
      </symbol>
      <symbol id="sm-701">
         <name>__mspabi_addd</name>
         <value>0x48d2</value>
         <object_component_ref idref="oc-1a8"/>
      </symbol>
      <symbol id="sm-70f">
         <name>_c_int00_noexit</name>
         <value>0x45b2</value>
         <object_component_ref idref="oc-72"/>
      </symbol>
      <symbol id="sm-710">
         <name>_c_int00</name>
         <value>0x45b2</value>
         <object_component_ref idref="oc-72"/>
      </symbol>
      <symbol id="sm-711">
         <name>_stack</name>
         <value>0x4360</value>
         <object_component_ref idref="oc-93"/>
      </symbol>
      <symbol id="sm-712">
         <name>_reset_vector</name>
         <value>0xfffe</value>
         <object_component_ref idref="oc-95"/>
      </symbol>
      <symbol id="sm-722">
         <name>__TI_decompress_none</name>
         <value>0x5e6c</value>
         <object_component_ref idref="oc-84"/>
      </symbol>
      <symbol id="sm-744">
         <name>__TI_decompress_rle24</name>
         <value>0x68a0</value>
         <object_component_ref idref="oc-8e"/>
      </symbol>
      <symbol id="sm-756">
         <name>__TI_zero_init</name>
         <value>0x5d74</value>
         <object_component_ref idref="oc-89"/>
      </symbol>
      <symbol id="sm-760">
         <name>__memcpy_far</name>
         <value>0x5cf4</value>
         <object_component_ref idref="oc-be"/>
      </symbol>
      <symbol id="sm-777">
         <name>__mspabi_cvtdf</name>
         <value>0x55d0</value>
         <object_component_ref idref="oc-1ad"/>
      </symbol>
      <symbol id="sm-784">
         <name>__mspabi_remul</name>
         <value>0x5a08</value>
         <object_component_ref idref="oc-165"/>
      </symbol>
      <symbol id="sm-785">
         <name>__mspabi_divul</name>
         <value>0x5a08</value>
         <object_component_ref idref="oc-165"/>
      </symbol>
      <symbol id="sm-78e">
         <name>C$$EXIT</name>
         <value>0x691a</value>
         <object_component_ref idref="oc-b3"/>
      </symbol>
      <symbol id="sm-78f">
         <name>abort</name>
         <value>0x691a</value>
         <object_component_ref idref="oc-b3"/>
      </symbol>
      <symbol id="sm-79a">
         <name>__mspabi_fltid</name>
         <value>0x68bc</value>
         <object_component_ref idref="oc-19e"/>
      </symbol>
      <symbol id="sm-7b1">
         <name>__mspabi_fltlid</name>
         <value>0x5670</value>
         <object_component_ref idref="oc-27a"/>
      </symbol>
      <symbol id="sm-7d1">
         <name>__TI_frcaddd</name>
         <value>0x4baa</value>
         <object_component_ref idref="oc-28d"/>
      </symbol>
      <symbol id="sm-7e0">
         <name>__mspabi_cmpf</name>
         <value>0x5b54</value>
         <object_component_ref idref="oc-1b2"/>
      </symbol>
      <symbol id="sm-7e3">
         <name>__TI_int41</name>
         <value>0xffd2</value>
         <object_component_ref idref="oc-69"/>
      </symbol>
      <symbol id="sm-7e6">
         <name>__TI_int42</name>
         <value>0xffd4</value>
         <object_component_ref idref="oc-6a"/>
      </symbol>
      <symbol id="sm-7e9">
         <name>__TI_int43</name>
         <value>0xffd6</value>
         <object_component_ref idref="oc-6b"/>
      </symbol>
      <symbol id="sm-7ec">
         <name>__TI_int44</name>
         <value>0xffd8</value>
         <object_component_ref idref="oc-6c"/>
      </symbol>
      <symbol id="sm-7ef">
         <name>__TI_int45</name>
         <value>0xffda</value>
         <object_component_ref idref="oc-6d"/>
      </symbol>
      <symbol id="sm-7f2">
         <name>__TI_int47</name>
         <value>0xffde</value>
         <object_component_ref idref="oc-6f"/>
      </symbol>
      <symbol id="sm-7f5">
         <name>__TI_int48</name>
         <value>0xffe0</value>
         <object_component_ref idref="oc-70"/>
      </symbol>
      <symbol id="sm-7f8">
         <name>__TI_int50</name>
         <value>0xffe4</value>
         <object_component_ref idref="oc-77"/>
      </symbol>
      <symbol id="sm-7fb">
         <name>__TI_int51</name>
         <value>0xffe6</value>
         <object_component_ref idref="oc-78"/>
      </symbol>
      <symbol id="sm-7fe">
         <name>__TI_int52</name>
         <value>0xffe8</value>
         <object_component_ref idref="oc-79"/>
      </symbol>
      <symbol id="sm-801">
         <name>__TI_int53</name>
         <value>0xffea</value>
         <object_component_ref idref="oc-7a"/>
      </symbol>
      <symbol id="sm-804">
         <name>__TI_int54</name>
         <value>0xffec</value>
         <object_component_ref idref="oc-7b"/>
      </symbol>
      <symbol id="sm-807">
         <name>__TI_int55</name>
         <value>0xffee</value>
         <object_component_ref idref="oc-7c"/>
      </symbol>
      <symbol id="sm-80a">
         <name>__TI_int57</name>
         <value>0xfff2</value>
         <object_component_ref idref="oc-7e"/>
      </symbol>
      <symbol id="sm-80d">
         <name>__TI_int58</name>
         <value>0xfff4</value>
         <object_component_ref idref="oc-7f"/>
      </symbol>
      <symbol id="sm-810">
         <name>__TI_int59</name>
         <value>0xfff6</value>
         <object_component_ref idref="oc-80"/>
      </symbol>
      <symbol id="sm-813">
         <name>__TI_int60</name>
         <value>0xfff8</value>
         <object_component_ref idref="oc-81"/>
      </symbol>
      <symbol id="sm-816">
         <name>__TI_int61</name>
         <value>0xfffa</value>
         <object_component_ref idref="oc-82"/>
      </symbol>
      <symbol id="sm-819">
         <name>__TI_int62</name>
         <value>0xfffc</value>
         <object_component_ref idref="oc-83"/>
      </symbol>
      <symbol id="sm-820">
         <name>__TI_ISR_TRAP</name>
         <value>0x690a</value>
         <object_component_ref idref="oc-96"/>
      </symbol>
      <symbol id="sm-82e">
         <name>__mspabi_slll_9</name>
         <value>0x5e08</value>
         <object_component_ref idref="oc-294"/>
      </symbol>
      <symbol id="sm-82f">
         <name>__mspabi_slll_8</name>
         <value>0x5e0c</value>
         <object_component_ref idref="oc-294"/>
      </symbol>
      <symbol id="sm-830">
         <name>__mspabi_slll_7</name>
         <value>0x5e10</value>
         <object_component_ref idref="oc-294"/>
      </symbol>
      <symbol id="sm-831">
         <name>__mspabi_slll_6</name>
         <value>0x5e14</value>
         <object_component_ref idref="oc-294"/>
      </symbol>
      <symbol id="sm-832">
         <name>__mspabi_slll_5</name>
         <value>0x5e18</value>
         <object_component_ref idref="oc-294"/>
      </symbol>
      <symbol id="sm-833">
         <name>__mspabi_slll_4</name>
         <value>0x5e1c</value>
         <object_component_ref idref="oc-294"/>
      </symbol>
      <symbol id="sm-834">
         <name>__mspabi_slll_3</name>
         <value>0x5e20</value>
         <object_component_ref idref="oc-294"/>
      </symbol>
      <symbol id="sm-835">
         <name>__mspabi_slll_2</name>
         <value>0x5e24</value>
         <object_component_ref idref="oc-294"/>
      </symbol>
      <symbol id="sm-836">
         <name>__mspabi_slll_1</name>
         <value>0x5e28</value>
         <object_component_ref idref="oc-294"/>
      </symbol>
      <symbol id="sm-837">
         <name>__mspabi_slll</name>
         <value>0x681e</value>
         <object_component_ref idref="oc-3c2"/>
      </symbol>
      <symbol id="sm-838">
         <name>__mspabi_slll_15</name>
         <value>0x5df0</value>
         <object_component_ref idref="oc-294"/>
      </symbol>
      <symbol id="sm-839">
         <name>__mspabi_slll_14</name>
         <value>0x5df4</value>
         <object_component_ref idref="oc-294"/>
      </symbol>
      <symbol id="sm-83a">
         <name>__mspabi_slll_13</name>
         <value>0x5df8</value>
         <object_component_ref idref="oc-294"/>
      </symbol>
      <symbol id="sm-83b">
         <name>__mspabi_slll_12</name>
         <value>0x5dfc</value>
         <object_component_ref idref="oc-294"/>
      </symbol>
      <symbol id="sm-83c">
         <name>__mspabi_slll_11</name>
         <value>0x5e00</value>
         <object_component_ref idref="oc-294"/>
      </symbol>
      <symbol id="sm-83d">
         <name>__mspabi_slll_10</name>
         <value>0x5e04</value>
         <object_component_ref idref="oc-294"/>
      </symbol>
      <symbol id="sm-84b">
         <name>__mspabi_srll_8</name>
         <value>0x5e4a</value>
         <object_component_ref idref="oc-3ae"/>
      </symbol>
      <symbol id="sm-84c">
         <name>__mspabi_srll_9</name>
         <value>0x5e46</value>
         <object_component_ref idref="oc-3ae"/>
      </symbol>
      <symbol id="sm-84d">
         <name>__mspabi_srll_6</name>
         <value>0x5e52</value>
         <object_component_ref idref="oc-3ae"/>
      </symbol>
      <symbol id="sm-84e">
         <name>__mspabi_srll_7</name>
         <value>0x5e4e</value>
         <object_component_ref idref="oc-3ae"/>
      </symbol>
      <symbol id="sm-84f">
         <name>__mspabi_srll_4</name>
         <value>0x5e5a</value>
         <object_component_ref idref="oc-3ae"/>
      </symbol>
      <symbol id="sm-850">
         <name>__mspabi_srll_5</name>
         <value>0x5e56</value>
         <object_component_ref idref="oc-3ae"/>
      </symbol>
      <symbol id="sm-851">
         <name>__mspabi_srll_2</name>
         <value>0x5e62</value>
         <object_component_ref idref="oc-3ae"/>
      </symbol>
      <symbol id="sm-852">
         <name>__mspabi_srll_3</name>
         <value>0x5e5e</value>
         <object_component_ref idref="oc-3ae"/>
      </symbol>
      <symbol id="sm-853">
         <name>__mspabi_srll_1</name>
         <value>0x5e66</value>
         <object_component_ref idref="oc-3ae"/>
      </symbol>
      <symbol id="sm-854">
         <name>__mspabi_srll_15</name>
         <value>0x5e2e</value>
         <object_component_ref idref="oc-3ae"/>
      </symbol>
      <symbol id="sm-855">
         <name>__mspabi_srll_14</name>
         <value>0x5e32</value>
         <object_component_ref idref="oc-3ae"/>
      </symbol>
      <symbol id="sm-856">
         <name>__mspabi_srll_13</name>
         <value>0x5e36</value>
         <object_component_ref idref="oc-3ae"/>
      </symbol>
      <symbol id="sm-857">
         <name>__mspabi_srll_12</name>
         <value>0x5e3a</value>
         <object_component_ref idref="oc-3ae"/>
      </symbol>
      <symbol id="sm-858">
         <name>__mspabi_srll_11</name>
         <value>0x5e3e</value>
         <object_component_ref idref="oc-3ae"/>
      </symbol>
      <symbol id="sm-859">
         <name>__mspabi_srll_10</name>
         <value>0x5e42</value>
         <object_component_ref idref="oc-3ae"/>
      </symbol>
      <symbol id="sm-85a">
         <name>__mspabi_srll</name>
         <value>0x682e</value>
         <object_component_ref idref="oc-3c6"/>
      </symbol>
      <symbol id="sm-87a">
         <name>__mspabi_mpyd</name>
         <value>0x4e0a</value>
         <object_component_ref idref="oc-1a3"/>
      </symbol>
      <symbol id="sm-882">
         <name>_system_pre_init</name>
         <value>0x6916</value>
         <object_component_ref idref="oc-a4"/>
      </symbol>
      <symbol id="sm-895">
         <name>__TI_renormd</name>
         <value>0x551c</value>
         <object_component_ref idref="oc-3ce"/>
      </symbol>
      <symbol id="sm-8a2">
         <name>strcmp</name>
         <value>0x6744</value>
         <object_component_ref idref="oc-2cd"/>
      </symbol>
      <symbol id="sm-8ae">
         <name>strlen</name>
         <value>0x68ae</value>
         <object_component_ref idref="oc-1e0"/>
      </symbol>
      <symbol id="sm-8c2">
         <name>strtok</name>
         <value>0x5b9e</value>
         <object_component_ref idref="oc-1f3"/>
      </symbol>
      <symbol id="sm-8d2">
         <name>__mspabi_sral</name>
         <value>0x680e</value>
         <object_component_ref idref="oc-3ca"/>
      </symbol>
      <symbol id="sm-8d3">
         <name>__mspabi_sral_15</name>
         <value>0x5db2</value>
         <object_component_ref idref="oc-3ba"/>
      </symbol>
      <symbol id="sm-8d4">
         <name>__mspabi_sral_14</name>
         <value>0x5db6</value>
         <object_component_ref idref="oc-3ba"/>
      </symbol>
      <symbol id="sm-8d5">
         <name>__mspabi_sral_13</name>
         <value>0x5dba</value>
         <object_component_ref idref="oc-3ba"/>
      </symbol>
      <symbol id="sm-8d6">
         <name>__mspabi_sral_12</name>
         <value>0x5dbe</value>
         <object_component_ref idref="oc-3ba"/>
      </symbol>
      <symbol id="sm-8d7">
         <name>__mspabi_sral_11</name>
         <value>0x5dc2</value>
         <object_component_ref idref="oc-3ba"/>
      </symbol>
      <symbol id="sm-8d8">
         <name>__mspabi_sral_10</name>
         <value>0x5dc6</value>
         <object_component_ref idref="oc-3ba"/>
      </symbol>
      <symbol id="sm-8d9">
         <name>__mspabi_sral_8</name>
         <value>0x5dce</value>
         <object_component_ref idref="oc-3ba"/>
      </symbol>
      <symbol id="sm-8da">
         <name>__mspabi_sral_9</name>
         <value>0x5dca</value>
         <object_component_ref idref="oc-3ba"/>
      </symbol>
      <symbol id="sm-8db">
         <name>__mspabi_sral_6</name>
         <value>0x5dd6</value>
         <object_component_ref idref="oc-3ba"/>
      </symbol>
      <symbol id="sm-8dc">
         <name>__mspabi_sral_7</name>
         <value>0x5dd2</value>
         <object_component_ref idref="oc-3ba"/>
      </symbol>
      <symbol id="sm-8dd">
         <name>__mspabi_sral_4</name>
         <value>0x5dde</value>
         <object_component_ref idref="oc-3ba"/>
      </symbol>
      <symbol id="sm-8de">
         <name>__mspabi_sral_5</name>
         <value>0x5dda</value>
         <object_component_ref idref="oc-3ba"/>
      </symbol>
      <symbol id="sm-8df">
         <name>__mspabi_sral_2</name>
         <value>0x5de6</value>
         <object_component_ref idref="oc-3ba"/>
      </symbol>
      <symbol id="sm-8e0">
         <name>__mspabi_sral_3</name>
         <value>0x5de2</value>
         <object_component_ref idref="oc-3ba"/>
      </symbol>
      <symbol id="sm-8e1">
         <name>__mspabi_sral_1</name>
         <value>0x5dea</value>
         <object_component_ref idref="oc-3ba"/>
      </symbol>
      <symbol id="sm-8f6">
         <name>_auto_init</name>
         <value>0x58ce</value>
         <object_component_ref idref="oc-a9"/>
      </symbol>
      <symbol id="sm-906">
         <name>__TI_frcmpyd</name>
         <value>0x45f8</value>
         <object_component_ref idref="oc-281"/>
      </symbol>
      <symbol id="sm-90d">
         <name>__mspabi_mpyl_f5hw</name>
         <value>0x6586</value>
         <object_component_ref idref="oc-3b6"/>
      </symbol>
      <symbol id="sm-91c">
         <name>strcspn</name>
         <value>0x6420</value>
         <object_component_ref idref="oc-2c6"/>
      </symbol>
      <symbol id="sm-92d">
         <name>strspn</name>
         <value>0x63d2</value>
         <object_component_ref idref="oc-2c1"/>
      </symbol>
      <symbol id="sm-92e">
         <name>__TI_exit</name>
         <value>0x1</value>
      </symbol>
      <symbol id="sm-92f">
         <name>__TI_args_main</name>
         <value>0x1</value>
      </symbol>
      <symbol id="sm-930">
         <name>__TI_INITARRAY_Base</name>
         <value>0x0</value>
      </symbol>
      <symbol id="sm-931">
         <name>__TI_INITARRAY_Limit</name>
         <value>0x0</value>
      </symbol>
   </symbol_table>
   <title>Link successful</title>
</link_info>
